Tappara Tampere hosted Oulun Kärpät in a Liiga game on November 29, 2023. Tappara won the game with a final score of 4-1. Tappara's home team scored 2 goals in the first period and 2 goals in the second period, while Kärpät's away team scored only 1 goal in the first period.
In the VHL 23/24 season, Zvezda Moscow hosted Omskie Kryliya at their home arena. Zvezda scored 4 goals in the game, while Omskie Kryliya failed to score. The game lasted for 60 minutes, with Zvezda dominating the play and controlling the puck for most of the game. The final score was 4-0 in favor of Zvezda.
In the Liiga 23/24 season, TPS Turku hosted HPK Hämeenlinna at their home arena. TPS Turku won the game with a final score of 1-4. TPS Turku scored one goal in the first period, while HPK Hämeenlinna scored two goals in the second and third periods.
In the 1. Liga match between SC Kolin and HC Slavia Praha, Kolin won 2-1. Kolin's home team scored two goals in the first period, while Slavia Praha's away team scored one goal in the second period. The game was played on November 29, 2023, at 6:00 PM, and the home team won.
The Mytishchinskie Atlanty (AMO) defeated the Russkiye Vityazi (RUS) 2-3 in overtime in the MHL 23/24 season on November 29, 2023. The Atlanty scored two goals in the third period, one in overtime, and had a total of 28 shots on goal. The Vityazi scored three goals, including one in overtime, and had a total of 31 shots on goal. The Atlanty's home score was 2-0, and the Vityazi's away score was 3-2.
In the ICE Hockey League 23/24, the Graz 99ers hosted the HC Asiago at their home arena on November 28, 2023. The Graz 99ers won the game with a final score of 2-1, with the away team HC Asiago scoring one goal in the first period and the home team Graz 99ers scoring two goals, one in the first period and one in the second period. The game lasted for 65 minutes, with the Graz 99ers winning in overtime.
In the 1. Liga match between HC Frýdek-Místek and HC RT Torax Poruba, HC Frýdek-Místek won 4-3. HC Frýdek-Místek scored 2 goals in the first period, 1 goal in the second period, and 1 goal in the third period. HC RT Torax Poruba scored 3 goals in the third period. The game lasted for 65 minutes, including overtime.
In the MHL 23/24 season, Omskie Yastreby hosted Tolpar UFA at their home arena. The home team scored three goals in the first period, while Tolpar scored two goals in the second period. The final score was 3-2 in favor of Omskie Yastreby.
In the Extraliga 23/24 season, HK Brest hosted HK Mogilev at their home arena on November 28, 2023. Brest won the game with a final score of 2-3, with two goals from their home team and one goal from Mogilev. The game was played for 60 minutes, with no overtime or penalties.
In the HockeyEttan 23/24 season, Piteå HC hosted Clemensnäs HC at their home arena. Piteå HC won the game with a final score of 7-4. The game was played on November 29, 2023, at 19:00:00.
In the Extraliga 23/24 season, HC 19 Humenne played against HK Dukla Michalovce on November 28, 2023, at 6:00 PM. HC 19 Humenne won the game with a score of 1-3, with the home team scoring one goal in the third period. HK Dukla Michalovce scored three goals, with two of them coming in the third period.
In the HockeyEttan 23/24 season, the Halmstad Hammers HC hosted the Mörrum Gois IK team at their home arena. The home team scored three goals in the first period, two in the second, and one in the third, while the away team scored two goals in the first period and one in the third. The final score was 3-2 in favor of the Halmstad Hammers HC.
Amiens Hockey Élite hosted Aigles de Nice in the Coupe de France 23/24 on November 28, 2023, at the Amphithéâtre de l'UFA. Amiens won the game with a final score of 9-2, with goals from Julien Boutte, Antoine Boutte, and Antoine Boutte. Aigles de Nice's only two goals were scored by Antoine Boutte and Antoine Boutte.
The Jacksonville Icemen hosted the Orlando Solar Bears in an ECHL game on November 30, 2023. The Icemen won the game with a final score of 7-2. The Icemen's home score was 7, while the away team's score was 2. The game was played at the Jacksonville Veterans Memorial Arena in Jacksonville, Florida.
The Lethbridge Hurricanes hosted the Calgary Hitmen in a WHL game on November 30, 2023. The Hurricanes won 4-1, with goals from Dylan Holloway, Jake Neighbours, and two from Jake Kryski. The Hitmen's only goal was scored by Jakob Pelletier.
In the KHL 23/24 season, Sibir Novosibirsk hosted Severstal Cherepovets at the Sibir Arena on November 28, 2023. Sibir won the game with a score of 1-2, with the home team scoring in the first period and the away team scoring in the second and third periods. The game lasted for 60 minutes, and the final score was 1-2.
In the Mestis 23/24 season, Forssan Palloseura hosted Kiekko-Vantaa at their home arena. The home team scored three goals in the first period, two in the second, and one in the third, while K-Vantaa scored four goals in the second period and zero in the third. The final score was 3-4 in favor of K-Vantaa.
The Winnipeg Jets hosted the Dallas Stars in a home game on November 29, 2023. The Jets won the game with a score of 2-0, with goals scored by Kyle Connor and Pierre-Luc Dubois. The game was played at Bell MTS Place in Winnipeg, Manitoba, Canada.
The Wilkes Barre-Scranton Penguins hosted the Hershey Bears at the Mohegan Sun Arena on November 30, 2023. The Penguins won the game with a final score of 5-7. The Penguins scored 3 goals in the first period, while the Bears scored 1 goal. The Penguins scored 2 goals in the second period, while the Bears scored 4 goals. The Penguins scored 2 goals in the third period, while the Bears scored 2 goals. The Penguins' top scorer was Drew O'Connor with 2 goals and 1 assist, while the Bears' top scorer was Brian Cooper with 2 goals and 1 assist.
In the Allsvenskan 23/24 season, Mora IK hosted AIK at their home arena on November 29, 2023. Mora IK won the game with a final score of 4-5, including a 2-0 lead in the third period. The game lasted for 65 minutes, with no overtime played.
The Barys Astana team hosted the Metallurg Magnitogorsk team in a KHL 23/24 game on November 30, 2023. The home team scored 5 goals, while the away team scored 2 goals. The home team won the game with a final score of 5-2.
In the MHL 23/24 season, Loko Yaroslavl hosted Mikhailov Academy at their home arena. Loko Yaroslavl won the game with a final score of 2-1. Loko Yaroslavl scored two goals, one in the first period and one in the third period, while Mikhailov Academy scored one goal in the first period.
The Henderson Silver Knights hosted the Bakersfield Condors in the American Hockey League (AHL) on November 30, 2023. The Silver Knights won the game 3-4 in overtime, with a final score of 3-4. The game was played at the Orleans Arena in Henderson, Nevada, and the Silver Knights' home team scored three goals in the first period, while the Condors scored four goals in the second and third periods. The game was a close match, with both teams showing strong offensive and defensive skills. The Silver Knights' home team had a strong start, with a goal in the first period, but the Condors' away team fought back, scoring four goals in the second and third periods. The game went into overtime, with the Silver Knights' home team scoring the winning goal in the extra period, securing a 3-4 victory.
Östersunds IK hosted Västerås IK in the Allsvenskan 23/24 season on November 29, 2023. Östersunds IK won 3-4, with goals from Emil Johansson (1), Viktor Åhlén (1), and Viktor Åhlén (2). Västerås IK's goals were scored by Viktor Åhlén (1), Viktor Åhlén (2), and Viktor Åhlén (3). The game lasted for 60 minutes, with a score of 3-4 in Östersunds IK's favor.
In the HockeyEttan 23/24 season, Huddinge IK hosted Segeltorps IF at their home arena on November 29, 2023. The home team scored 5 goals, while the away team failed to score. The game lasted for 60 minutes, with no overtime or shootout.
In the Extraliga 23/24 season, HC Sparta Praha hosted HC Verva Litvínov on November 28, 2023, at the O2 Arena in Prague, Czech Republic. Sparta won the game with a final score of 3-1, with goals scored by Jakub Jerabek, Jan Kolar, and Jakub Jerabek. Sparta's home team scored three goals in the first period, while Verva's away team scored one goal in the second period. The game lasted for 60 minutes, with a final score of 3-1 in favor of Sparta.
In the Polska Hokej Liga 23/24, JKH GKS Jastrzębie hosted Tauron KH GKS Katowice on November 28, 2023, at 6:00 PM. Jastrzębie won 4-3, with goals from Jakub Kowalik, Kacper Kozłowski, and two from Jakub Kowalik. Tauron KH GKS Katowice's goals were scored by Jakub Kowalik, Kacper Kozłowski, and Jakub Kowalik.
The Philadelphia Flyers hosted the Carolina Hurricanes in their home arena on November 29, 2023. The Flyers won the game with a score of 1-4. The Flyers' home score was 1, while the Hurricanes' away score was 4. The game was played for 60 minutes, with the Flyers leading 1-0 at the end of the first period, 1-1 at the end of the second period, and 1-4 at the end of the third period.
In the Pro Hockey League 23/24, Humo Tashkent hosted HC Nomad Astana on November 29, 2023, at 3:30 PM. Humo Tashkent won 5-1, with goals from Dilshod Nabiev (1st period), Dilshod Nabiev (2nd period), and Dilshod Nabiev (3rd period). HC Nomad Astana's lone goal was scored by Dilshod Nabiev (1st period). The game lasted 60 minutes, with a 5-minute intermission between the first and second periods.
In the Extraliga 23/24 season, HC '05 Banská Bystrica played against HK Nitra on November 28, 2023, at 6:00 PM. Banská Bystrica won the game with a final score of 5-3. The home team scored 2 goals in the first period, 2 goals in the second period, and 1 goal in the third period. HK Nitra scored 3 goals, 1 goal in the first period, and 2 goals in the second period.
The Indy Fuel hosted the Wheeling Nailers in the ECHL on November 30, 2023. The Fuel won the game 3-2, with goals scored by Matt Rupert, Justin Kloos, and Justin Kloos. The Fuel also had a strong performance in the third period, with a score of 1.
The Minnesota Wild hosted the St. Louis Blues at the Xcel Energy Center on November 29, 2023. The Wild won the game with a final score of 3-1. The Wild's home team scored two goals in the first period and one goal in the third period. The Blues' away team scored one goal in the first period.
In the KHL 23/24 season, Neftekhimik Nizhnekamsk hosted Metallurg Magnitogorsk at the Neftekhimik Ice Palace on November 28, 2023. Neftekhimik won the game with a final score of 3-4, with goals from Dmitry Kagarlitsky, Alexander Kulakov, and Alexander Kulakov. Metallurg's goals were scored by Alexander Kulakov, Alexander Kulakov, and Alexander Kulakov. The game lasted for 60 minutes, with no overtime or penalties.
In the Pro Hockey League 23/24, HK Arlan Kokschetau hosted HK Beibarys Atyrau on November 30, 2023. Arlan Kokschetau won 4-2, with goals from Dmitry Kulakov (1st period), Yegor Kulakov (2nd period), and two from Dmitry Kulakov (3rd period). Beibarys Atyrau's goals were scored by Dmitry Kulakov (1st period) and Dmitry Kulakov (2nd period). The game lasted for 60 minutes, with a final score of 4-2 in favor of Arlan Kokschetau.
In the ICE Hockey League 23/24 season, the EHC Black Wings Linz hosted the HC Bolzano at the Linz Arena on November 28, 2023. The home team scored two goals in the first and third periods, while the away team failed to score. The final score was 2-0 in favor of the Black Wings Linz.
In the Swiss League 23/24, HCV Martigny hosted HC La Chaux-de-Fonds on November 28, 2023. Martigny won 3-8, with goals from Simon Giger (1), Yannick Weber (1), and Simon Marti (1) in the first period, and goals from Simon Giger (2), Yannick Weber (2), and Simon Marti (2) in the second period. The final score was 3-8, with Martigny winning by a large margin.
In the Slovak Extraliga, HK 2016 Trebišov hosted HK 95 Považská Bystrica on November 29, 2023. HK 2016 Trebišov won the game with a final score of 4-3. The home team scored 1 goal in the first period, 3 goals in the second period, and 0 goals in the third period. HK 95 Považská Bystrica scored 3 goals, 1 in the first period, and 2 in the second period. The game lasted for 60 minutes, and the final score was 4-3 in favor of HK 2016 Trebišov.
In the MHL 23/24 season, Almaz Cherepovets hosted Kapitan Stupino at their home arena. Almaz Cherepovets won the game with a final score of 2-5. The home team scored two goals in the first period and two more in the second period, while Kapitan Stupino scored only one goal in the first period and three goals in the second period.
The Victoria Royals hosted the Kamloops Blazers in a WHL game on November 29, 2023. The Royals won the game with a final score of 6-1. The Royals' home team scored three goals in the first period, one goal in the second period, and two goals in the third period. The Blazers' away team scored one goal in the first period.
In the ICE Hockey League 23/24, Red Bull Salzburg hosted Hydro Fehérvár AV19 on November 28, 2023, at the Red Bull Arena in Salzburg, Austria. Red Bull Salzburg won the game with a final score of 4-1, with goals from Markus Ederer, Jan Kubiš, and two from Dominik Hrabák. Hydro Fehérvár AV19's lone goal was scored by Ádám Szabó.
The Sibirskie Snaipery team hosted the Avto Yekaterinburg team in a game of the MHL 23/24 season on November 30, 2023. The home team scored 7 goals, while the away team scored 4 goals. The home team won the game with a final score of 7-4.
In the Alps Hockey League 23/24, EC Bregenzerwald hosted EK Zell am See on November 29, 2023, at 19:30:00. EC Bregenzerwald won 5-2, with goals from Thomas Rieder (2), Simon Moser, and Markus Eggler. EK Zell am See's goals were scored by Michael Kranebitter and Dominik Kramer.
In the MHL 23/24 season, Reaktor Nizhnekamsk hosted Loko-76 Yaroslavl U20 at their home arena. Reaktor Nizhnekamsk won the game with a final score of 2-1. The home team scored two goals in the first period, while Loko-76 Yaroslavl U20 scored one goal in the second period.
The Columbus Blue Jackets hosted the Montréal Canadiens at Nationwide Arena on November 30, 2023. The Blue Jackets won the game with a final score of 2-4. The Blue Jackets' home score was 2, and the Canadiens' away score was 4. The game started at 1:00 PM and lasted for 60 minutes.
In the Allsvenskan 23/24 season, Västerviks IK hosted Almtuna IS at their home arena on November 29, 2023. Västerviks IK won the game with a final score of 3-5, with goals from their players, including a hat-trick from their forward, Emil Johansson. Almtuna IS's top scorer was their defenseman, Viktor Johansson, who scored two goals. The game was played for 60 minutes, with Västerviks IK leading 3-0 at the end of the second period and 5-3 at the end of the third period. The game was played at a normal pace, with no penalties or injuries reported.
The Vancouver Canucks hosted the Anaheim Ducks in a home game on November 29, 2023. The Canucks won the game with a final score of 3-1. The Canucks scored three goals, while the Ducks scored one goal. The Canucks' home score was 3, while the Ducks' away score was 1. The game lasted for 60 minutes, and the start timestamp was 1701226800.
The Los Angeles Kings hosted the Washington Capitals in a home game on November 30, 2023. The Kings won the game with a score of 1-2, with the Capitals scoring two goals in the second period. The Kings' only goal was scored in the first period, while the Capitals' two goals were scored in the second period. The game was played at the Staples Center in Los Angeles, California, and the start time was 4:30 PM PST.
In the Extraliga 23/24 season, BK Mladá Boleslav hosted Dynamo Pardubice at their home arena. The home team scored one goal in the first period and two goals in the second period, while the away team scored four goals in total, two in the first period and two in the second period. The final score was 1-4, with BK Mladá Boleslav losing to Dynamo Pardubice.
In the MHL 23/24 season, Krasnoyarskie Rysi hosted JHC Molot at the Krasnoyarsk Ice Palace on November 30, 2023. Krasnoyarskie Rysi won the game with a final score of 3-8, with goals from Dmitry Kuznetsov, Alexander Kuznetsov, and Alexander Kuznetsov. The game was played for 60 minutes, with Krasnoyarskie Rysi leading 3-0 at the end of the first period and 8-0 at the end of the third period. JHC Molot scored 8 goals in the game, with goals from Dmitry Kuznetsov, Alexander Kuznetsov, and Alexander Kuznetsov.
In the VHL 23/24 season, Kristall Saratov hosted HC Norilsk at their home arena. Kristall Saratov won the game with a final score of 1-5. Kristall Saratov's home team scored one goal in the first period, while HC Norilsk scored two goals in the second and third periods. The game lasted for 60 minutes, with Kristall Saratov's home team leading the game for the entire duration.
In the Mestis 23/24 season, Joensuun Kiekko-Pojat hosted RoKi Hockey at their home arena on November 29, 2023. JoKP won the game with a final score of 2-1, with goals scored by JoKP's JOE in the first period and RoKi's ROKI in the second period. The game lasted for 60 minutes, with JoKP leading 2-0 at the end of the third period.
In the Latvian Hockey League, Kaunas City hosted Airwell Energija on November 29, 2023. Kaunas City won 5-2, with goals from Kristaps Kivlenieks, Kaspars Daugavins, and Kristaps Susters in the first period, and Kaspars Daugavins and Kaspars Daugavins in the second period. Airwell Energija's goals were scored by Kristaps Susters and Kaspars Daugavins in the first period.
In the HockeyEttan 23/24 season, Alvesta SK hosted Vimmerby HC at their home arena on November 29, 2023. Alvesta SK won the game with a final score of 2-3, with goals scored by Marcus Eriksson in the first period and Joel Karlsson in the third period. Vimmerby HC's goals were scored by Joakim Karlsson in the first period and Joel Karlsson in the third period. The game lasted for 60 minutes, with a final score of 2-3 in favor of Alvesta SK.
In the 1. Liga match between LHK Jestřábi Prostějov and VHK ROBE Vsetín, LHK Jestřábi Prostějov won 1-6. LHK Jestřábi Prostějov scored one goal in the first period, while VHK ROBE Vsetín scored four goals in the first period. LHK Jestřábi Prostějov scored one goal in the second period, while VHK ROBE Vsetín scored one goal in the second period. LHK Jestřábi Prostějov scored no goals in the third period, while VHK ROBE Vsetín scored one goal in the third period. The final score was 1-6, with LHK Jestřábi Prostějov winning the game.
The Adirondack Thunder hosted the Florida Everblades at the Glens Falls Civic Center on November 30, 2023. The Thunder won the game with a final score of 3-4. The Thunder's home team scored three goals in the first period, while the Everblades' away team scored four goals in the second and third periods. The Thunder's home team scored three goals in the first period, while the Everblades' away team scored four goals in the second and third periods.
In the 1. Liga match between Orli Znojmo and HC Stadion Litoměřice, Orli Znojmo won 2-3. Orli Znojmo scored two goals in the first period, while HC Stadion Litoměřice scored three goals in the second and third periods. The game was played on November 29, 2023, at 6:00 PM, and the home team, Orli Znojmo, won.
In the Alps Hockey League 23/24 season, HK Celje hosted Red Bull Hockey Juniors at their home arena. The home team scored two goals in the first period and one goal in the second period, while the away team scored five goals in the third period. The final score was 2-5, with Celje losing by a margin of 3-5.
In the KHL 23/24 season, SKA St. Petersburg hosted Dynamo Moscow at the SKA Arena on November 28, 2023. SKA won the game with a final score of 5-3. The home team scored 5 goals, with 1 goal coming in the first period, 2 goals in the second period, and 2 goals in the third period. Dynamo Moscow scored 3 goals, with 1 goal coming in the first period and 2 goals in the third period. The game lasted for 60 minutes, with the start time being 17:30:00.
The Moose Jaw Warriors hosted the Swift Current Broncos in a WHL game on November 29, 2023. The Warriors won 4-0, with goals from Dante Hannoun, Jake Chiasson, and two from Brayden Tracey. The Warriors' home team dominated the game, outshooting the Broncos 34-18 and outscoring them 4-0. The Warriors' home score was 4, while the Broncos' away score was 0. The game was played at the Mosaic Place in Moose Jaw, Saskatchewan, Canada.
In the Swiss League, EHC Olten hosted EHC Basel on November 28, 2023. Olten won the game with a score of 1-4, with the only goal coming in the third period. The game was played at the EHC Olten arena, and the home team dominated the first two periods, but Basel made a comeback in the third period, scoring four goals to secure the victory.
In the VHL 23/24 season, HC Tambov hosted Sokol Krasnoyarsk at their home arena. The home team scored 4 goals in the first period, while the away team scored 1 goal in the first period. In the second period, HC Tambov scored 3 goals, while Sokol Krasnoyarsk scored 0 goals. In the third period, HC Tambov scored 1 goal, while Sokol Krasnoyarsk scored 0 goals. The final score was 4-1 in favor of HC Tambov.
The Red Deer Rebels hosted the Calgary Hitmen in a WHL game on November 29, 2023. The Rebels won the game 4-3, with goals from Dylan Holloway, Conner Roulette, and two from Brandon Hagel. The Hitmen's goals were scored by Jakob Pelletier, Matthew Culling, and Jack McBain. The Rebels' home team scored three goals in the third period, including two in overtime, to secure the victory.
The New Jersey Devils hosted the New York Islanders in a home game on November 29, 2023. The Devils won the game with a final score of 5-4. The Devils' home team scored 5 goals, while the Islanders' away team scored 4 goals. The Devils' home team scored 1 goal in the first period, 1 goal in the second period, and 3 goals in the third period. The Islanders' away team scored 1 goal in the first period, 3 goals in the second period, and 0 goals in the third period. The Devils' home team scored 5 goals, while the Islanders' away team scored 4 goals.
In the HockeyEttan 23/24 season, Hanvikens SK hosted Linden Hockey at their home arena on November 29, 2023. Hanvikens SK won the game with a final score of 2-1, with goals scored by Marcus Eriksson in the first period and Joel Karlsson in the third period. Linden Hockey's lone goal was scored by Joakim Karlsson in the second period.
In the Latvian Hockey League, HK Prizma hosted HK Kurbads on November 28, 2023. Prizma won 6-2, with goals from Kaspars Bērziņš (3), Kristaps Zommers (2), and Kaspars Kulda. Kurbads's goals were scored by Kristaps Zommers and Kaspars Kulda.
The San Diego Gulls hosted the Texas Stars at the Pechanga Arena on November 30, 2023. The Gulls won the game with a final score of 5-6, including a 3-2 overtime victory. The Gulls' home score was 5, while the Stars' away score was 6. The game was played for 60 minutes, with no overtime played before the overtime period.
In the Extraliga 23/24 season, HC Oceláři Třinec hosted HC Rytíři Kladno on November 28, 2023, at the Třinec Arena. The home team scored 4 goals in the regular time, while the away team scored 3 goals. The game ended in a 4-3 victory for HC Oceláři Třinec.
In the Erste Liga 23/24 season, Debreceni Egyetemi AC hosted Gyergyói HK at the Debrecen Ice Arena on November 28, 2023. Debreceni Egyetemi AC won the game with a final score of 5-3. The home team scored 5 goals, with 2 goals coming in the first period, 2 goals in the second period, and 1 goal in the third period. Gyergyói HK scored 3 goals, with 1 goal in the first period and 2 goals in the third period. The game lasted for 60 minutes, with the home team leading for the entire duration of the game.
The Kuznetskie Medvedi hosted the Tyumenskiy Legion in a match of the MHL 23/24 season on November 30, 2023. The home team won with a final score of 5-2. Kuznetskie Medvedi's home score was 5, while Tyumenskiy Legion's away score was 2. The game was played at the Kuzkina Arena in Kuzkina, Russia.
In the MHL 23/24 season, Stalnye Lisy hosted Irbis Kazan at their home arena. Stalnye Lisy won the game with a final score of 4-3. Stalnye Lisy scored 1 goal in the first period, 2 goals in the second period, and 1 goal in the third period. Irbis Kazan scored 3 goals in the third period. The game lasted for 60 minutes, with no overtime or penalties.
In the Erste Liga 23/24 season, DVTK Jegesmedvék hosted SC Csíkszerda at their home arena. The home team scored 4 goals in the regular time, while the away team scored 3 goals. The game ended with a final score of 4-3 in favor of DVTK Jegesmedvék.
In the Swedish Damhockeyligan (SDHL) 23/24 season, Djurgårdens IF hosted Frolunda HC at Hovet Arena on November 29, 2023. Djurgårdens scored three goals in the first period, two in the second period, and one in the third period, while Frolunda HC scored five goals, including one in the first period, zero in the second period, and four in the third period. The final score was 3-5, with Djurgårdens IF losing to Frolunda HC.
In the HockeyEttan 23/24 season, Forshaga IF hosted Skövde IK at their home arena. Forshaga scored one goal in the first period and one goal in the second period, while Skövde IK scored six goals, four in the first period and two in the second period. The final score was 1-6, with Skövde IK winning the game.
The Wichita Thunder hosted the Tulsa Oilers in an ECHL game on November 30, 2023. The Thunder won the game 5-4 in overtime, with the final score being 5-4. The Thunder's home score was 5, and the away team's score was 4. The game was played at the Wichita Thunder Arena in Wichita, Kansas, and the start timestamp was 1701306300.
In the Liiga 23/24 season, KalPa Kuopio hosted Lahti Pelicans at the KalPa Ice Hall on November 29, 2023. KalPa won the game with a score of 4-3, with one goal in each period. The game was played for 60 minutes, with no overtime or penalties. The final score was 4-3, and the game was played at the KalPa Ice Hall in Kuopio, Finland.
In the Slovak Extraliga, HK Spartak Dubnica hosted HC Topoľčany on November 29, 2023. Spartak's home team won 1-3, with the first goal coming from Martin Kováč in the first period. Topoľčany's away team scored three goals, with the first coming from Martin Kováč in the first period and the second and third goals coming from Martin Kováč in the second and third periods, respectively. The game ended with a final score of 1-3 in favor of HK Spartak Dubnica.
In the Slovak Extraliga, Slovan Bratislava B hosted HC Prešov on November 29, 2023, at the Ondrej Nepela Arena. The home team dominated the game, scoring one goal in each period, while the away team failed to score. The final score was 1-2, with Slovan Bratislava B winning the game.
In the Superisligaen 23/24 season, Esbjerg Energy hosted Frederikshavn White Hawks on November 28, 2023, at 19:00:00. Esbjerg scored 6 goals, while Frederikshavn scored 5 goals. Esbjerg won the game 6-5 in overtime.
In the ICE Hockey League 23/24 season, the Pioneers Vorarlberg team hosted the HC Pustertal team at their home arena. The Pioneers Vorarlberg team won the game with a final score of 1-2, with the away team HC Pustertal scoring two goals in the third period. The game was played on November 28, 2023, at 19:30:00.
In the Western Hockey League (WHL) game on November 28, 2023, Biryusa Krasnoyarsk hosted Tornado Dmitrov. Biryusa Krasnoyarsk won the game with a final score of 8-2. The home team scored 8 goals, with 5 goals coming in the first period and 3 goals in the second and third periods. Tornado Dmitrov scored 2 goals, with both goals coming in the first period. The game lasted for 60 minutes, and the start timestamp was 1701172800.
The Belye Medvedi played against the Chaika Nizhny Novgorod in the MHL 23/24 season on November 28, 2023. The Belye Medvedi won the game with a score of 4-1. The home team scored 2 goals in the first period, 1 goal in the second period, and 1 goal in the third period. The away team scored 1 goal in the first period.
In the 1. Liga match between HC Banik Sokolov and HC Dynamo Pardubice B, Banik Sokolov won 3-4. Banik Sokolov scored three goals in the first period, two in the second period, and one in the third period. HC Dynamo Pardubice B scored four goals, two in the first period, one in the second period, and one in the third period. The game was played on November 29, 2023, at 6:00 PM, and the home team won.
In the Extraliga 23/24 season, HK Poprad played against Spišská Nová Ves on November 28, 2023, at 6:00 PM. Poprad won the game with a final score of 5-2. Poprad's home score was 5, while Spišská NV's away score was 2. The game lasted for 60 minutes, with Poprad leading in the first period with a score of 1-0 and Spišská NV leading in the third period with a score of 2-4.
In the VHL 23/24 season, Rubin Tyumen hosted Metallurg Novokuznetsk at their home arena. Rubin scored three goals in the first period, while Metallurg Nk scored four goals in the second and third periods. The final score was 3-4 in favor of Metallurg Nk.
The Aalborg Pirates hosted the Rungsted Seier Capital in the Superisligaen 23/24 on November 28, 2023. The Pirates won the game with a final score of 3-1. The Pirates' home team scored three goals, with two goals in the third period. The away team, Rungsted, scored one goal in the first period.
In the KHL 23/24 season, CSKA Moscow hosted Dinamo Minsk at the CSKA Arena on November 29, 2023. CSKA Moscow won the game with a final score of 5-3. CSKA Moscow's home team scored 5 goals, with two goals in the first period, two goals in the second period, and one goal in the third period. Dinamo Minsk's away team scored 3 goals, with two goals in the second period and one goal in the third period. The game lasted for 60 minutes, with a start timestamp of 17:30:00.
In the MHL 23/24 season, Sibirskie Snaipery hosted Avto Yekaterinburg at the Sibir Arena on November 29, 2023. Sibirskie Snaipery won the game with a final score of 2-3. Sibirskie Snaipery's home score was 2, while Avto Yekaterinburg's away score was 3. The game lasted for 60 minutes, with no overtime or shootout.
The SC Rapperswil-Jona Lakers hosted the HC Lugano in a National League game on November 28, 2023. The home team scored one goal in the first period and zero goals in the second and third periods. The away team scored six goals, including three in the first period and three in the second period. The final score was 1-6, with the Lugano team winning.
The Utica Comets hosted the Belleville Senators in the American Hockey League (AHL) on November 30, 2023. The Comets won the game 3-6, with goals scored by Jacob Pivonka, Jake Kulevich, and Kyle Olson. The Senators' top scorers were Jacob Bernard-Docker, who had two goals, and Drake Batherson, who had one goal and one assist. The game was played at the Adirondack Bank Center in Utica, New York, and the Comets' home team won.
In the Pro Hockey League 23/24, the HK Yertis Pavlodar team hosted the Saryarka Karagandy team on November 30, 2023. The home team won with a score of 1-4, with the away team scoring 2 goals in the first period and 1 goal in the third period. The home team scored 1 goal in the third period.
The Swift Current Broncos hosted the Medicine Hat Tigers in a WHL game on November 30, 2023. The Broncos won the game with a final score of 5-3. The Broncos' home team scored 5 goals, with 3 goals coming in the first period and 2 goals in the third period. The Tigers' away team scored 3 goals, with 1 goal in the first period and 2 goals in the second period. The game lasted for 60 minutes, with the start time being 2:00 PM.
In the Pro Hockey League 23/24, HK Arlan Kokschetau hosted HK Beibarys Atyrau on November 29, 2023, at 2:00 PM. Arlan Kokschetau won the game with a final score of 7-3. The home team scored 2 goals in the first period, 1 goal in the second period, and 4 goals in the third period. Beibarys Atyrau scored 3 goals in the game, all of which were scored in the third period.
The American International Yellow Jackets hosted the Army Black Knights in a regular season game on November 29, 2023. The Yellow Jackets won the game with a final score of 5-1. The Yellow Jackets' home score was 5, while the Black Knights' away score was 1. The game was played at the Tate Rink in Springfield, Massachusetts.
In the ICE Hockey League 23/24, KAC Klagenfurt hosted HC TWK Innsbruck on November 28, 2023, at 19:15:00. Klagenfurt won 4-3, with goals from Markus Eder, Michael Hafner, and two from Thomas Pöck. Innsbruck's goals were scored by Simon Thurner, Dominik Kuenz, and Simon Moser.
In the MHL 23/24 season, Krasnaya Armiya hosted Dinamo St. Petersburg at the Krasnaya Armiya Ice Palace on November 28, 2023. Krasnaya Armiya won the game with a final score of 5-2. Krasnaya Armiya's home team scored 5 goals, with 1 goal coming in the first period, 3 goals in the second period, and 1 goal in the third period. Dinamo St. Petersburg's away team scored 2 goals, with 0 goals coming in the first period, 2 goals in the second period, and 0 goals in the third period. The game lasted for 60 minutes, with the start time being 15:00:00.
In the MHL 23/24 season, Spartak Moscow hosted SKA-1946 at their home arena. Spartak Moscow won the game with a final score of 3-2. The game was played on November 29, 2023, at 16:00:00.
In the Extraliga 23/24 season, HC Lokomotiv Orsha played against Yunost Minsk on November 28, 2023, at 18:10:00. HC Lokomotiv Orsha won the game with a score of 1-3, with one goal in each period. The home team scored one goal in the first period, while the away team scored three goals, one in each period. The home team's goal was scored by a player named 'HC Lokomotiv Orsha'.
Toros Neftekamsk hosted SKA-Neva in the VHL 23/24 league on November 29, 2023. Toros Neftekamsk won the game with a final score of 5-2. The home team scored 5 goals, with two goals in the first period, one goal in the second period, and two goals in the third period. SKA-Neva scored two goals, with one goal in the first period and one goal in the second period. The game lasted for 60 minutes, and the home team dominated the game with a 5-2 victory.
The FTC-Telekom team hosted the Corona Brașov team in the Erste Liga 23/24 season on November 28, 2023. The home team scored 7 goals, while the away team scored 1 goal. The home team won the game with a final score of 7-1.
The Kuznetskie Medvedi hosted the Tyumenskiy Legion in the MHL 23/24 season on November 29, 2023. The home team won 3-2, with goals from Dmitry Kuznetsov, Alexander Kuznetsov, and Alexander Kuznetsov. The away team's goals were scored by Alexander Kuznetsov and Alexander Kuznetsov.
