Hundertwasser's Rainy Day" is a short documentary film directed by Peter Schamoni. The film features Friedensreich Hundertwasser as the cast member and Arik Brauer as the composer. The film was shot in Venice and edited by Heidi Gen√©e. It was nominated for the Academy Award for Best Documentary (Short Subject) and was originally filmed in German.
The Catalan Republic is a state with limited recognition that is located on the Iberian Peninsula and bordered by the Mediterranean Sea. It is a historical country that has a basic form of government as a republic, and its head of government is Carles Puigdemont. The driving side in Catalan Republic is right, and it is an instance of a state with limited recognition. The Catalan Republic is also located in time zone 00 and has a public holiday known as National Day of Catalonia.
Ratlam State was a historical country and a princely state of the British Raj, located in the administrative territorial entity of the Central Provinces. It was described by the Brockhaus and Efron Encyclopedic Dictionary.
