Hundertwasser's Rainy Day is a short documentary film that tells the story of the renowned Austrian artist Friedensreich Hundertwasser during a rainy day in Venice. The film is directed by Peter Schamoni, features music composed by Arik Brauer, and is edited by Heidi Genée. The cinematography is handled by Josef Kaufmann. This film has been recognized with a nomination for the Academy Award for Best Documentary (Short Subject). The film is originally in German.
The Catalan Republic, a state with limited recognition, operates as a republic distinct from the Estat Català. It follows a right-hand driving system and is led by Carles Puigdemont as its head of government. As a historical country, it is situated on the Iberian Peninsula and falls within the time zone of 00. The Mediterranean Sea borders or is located near the Catalan Republic, and it recognizes the National Day of Catalonia as a public holiday.
Ratlam State, a historical country, was classified as a princely state within the British Raj and administratively located in the Central Provinces. This territory was described in the Brockhaus and Efron Encyclopedic Dictionary.
