The chart shows the number of people vaccinated against COVID-19 in Mongolia from February 25 to May 29, 2022. The data is presented in the form of a line graph, with the x-axis representing the date and the y-axis representing the number of people vaccinated. The chart shows a gradual increase in the number of people vaccinated over time, with a peak of 59.97 people vaccinated on July 1, 2022.
.
The chart shows the positive rate of COVID-19 tests in Estonia from March 3, 2020, to June 30, 2022. The positive rate is calculated by dividing the number of confirmed cases by the number of tests. The chart shows a general upward trend in the positive rate, with a peak in mid-April 2020. The positive rate has since decreased, with a slight increase in late June 2022.
