The chart displays the number of people vaccinated against COVID-19 in Mongolia from February 2021 to May 2021. The data shows a steady increase in the number of vaccinations, with a sharp rise from February 25th to March 27th. By May 1st, 2021, over 60% of the population had received at least one dose of the vaccine.
The chart shows the effective reproduction rate (R) of COVID-19 in Myanmar from April 2020 to April 2021. The reproduction rate is the average number of new infections caused by one infected individual during a specific time period. The data was obtained from the World Health Organization (WHO) and the Center for Disease Control and Prevention (CDC). The reproduction rate ranges from 0.45 to 1.04, with an average of 0.67. The highest reproduction rate was recorded on April 28, 2020, at 1.04, while the lowest reproduction rate was recorded on April 22, 2020, at 0.45. The reproduction rate increased from April 2020 to April 2021, with a peak in May 2020. The data suggests that the effective reproduction rate in Myanmar has been consistently above 1 since the beginning of the pandemic, indicating a high level of community transmission."\n```.
The chart displays the number of confirmed cases of COVID-19 in Estonia from March 3, 2020 to March 31, 2021. The x-axis represents the date, and the y-axis represents the number of confirmed cases. The data is presented in a 7-day rolling average, and the unit is the number of cases per 100,000 people. The chart shows a steady increase in the number of confirmed cases from March 3, 2020 to March 15, 2020, followed by a decrease from March 16, 2020 to March 22, 2020. From March 23, 2020 to March 29, 2020, the number of confirmed cases increased again, and then decreased from March 30, 2020 to April 6, 2020. From April 7, 2020 to April 13, 2020, the number of confirmed cases increased, and then decreased from April 14, 2020 to April 20, 2020. From April 21, 2020 to April 27, 2020, the number of confirmed cases increased, and then decreased from April 28, 2020 to May 4, 2020. From May 5, 2020 to May 11, 2020, the number of confirmed cases increased, and then decreased from May 12, 2020 to May 18, 2020. From May 19, 2020 to May 25, 2020, the number of confirmed cases increased, and then decreased from May 26, 2020 to June 1, 2020. From June 2, 2020 to June 8, 2020, the number of confirmed cases increased, and then decreased from June 9, 2020 to June 15, 2020. From June 16, 2020 to June 21, 2020, the number.
