This line graph depicts the number of people vaccinated against COVID-19 in Mongolia from February 2021 to May 2022. Initially, the rate of vaccination was low, with only 0.09% of the population receiving a first dose on February 25, 2021. However, this figure steadily increased, reaching 66.88% by May 31, 2022. The highest daily vaccination rate was recorded on April 15, 2022, with 3.72 people vaccinated per hundred population.
This line graph depicts the evolution of the effective reproduction rate (R) of COVID-19 in Myanmar from April 2020 to December 2022. The data shows a significant decrease in R from an initial peak of around 0.45 in April 2020 to a low of approximately 0.52 in August 2021. R then increased to around 0.8 in December 2021 before declining again to around 0.7 in December 2022.
This line graph depicts the weekly average of the COVID-19 test positivity rate in Estonia from March 2020 to June 2022. The data shows a significant decrease in the number of confirmed cases divided by the number of tests conducted, with a peak of 19.24% in October 2020 and a current rate of 0.05% as of June 2022. The trendline indicates a steady decline in the positivity rate over time.
