The chart shows the number of people vaccinated against COVID-19 in Mongolia from February 25 to May 29, 2022. The data is presented in the form of a line graph, with the x-axis representing the date and the y-axis representing the number of people vaccinated. The chart shows a gradual increase in the number of people vaccinated over time, with a peak of 59.97 people vaccinated on July 1, 2022.
.
The chart shows the positive rate of COVID-19 tests in Estonia from March 3, 2020, to June 30, 2022. The positive rate is calculated by dividing the number of confirmed cases by the number of tests. The chart shows a general upward trend in the positive rate, with a peak in mid-April 2020. The positive rate has since decreased, with a slight increase in late June 2022.
The chart shows the number of people vaccinated against COVID-19 per hundred in South Sudan from April 5, 2021, to May 29, 2023. The data is presented in a line graph, with the x-axis representing the date and the y-axis representing the number of people vaccinated. The chart shows a gradual increase in the number of people vaccinated over time, with a peak of 39.54 people vaccinated per hundred on October 1, 2022.
Life expectancy at birth in French Polynesia has increased steadily over the past few decades, with a notable jump in 2015. In 2021, the life expectancy was 79.4856 years, which is slightly lower than the global average of 82.9961 years.
Denmark has vaccinated a significant portion of its population against COVID-19, with over 70% of people receiving at least one dose as of December 2022. The number of people vaccinated has been steadily increasing over time, with a peak of over 80% in August 2022. The country has also seen a slight decrease in the number of people vaccinated in recent months, but the overall trend remains positive.
The number of new COVID-19 cases in Qatar has been steadily increasing since the beginning of the pandemic. The 7-day rolling average of new cases per million people peaked in mid-April, reaching over 300 cases per million people. Since then, the number of cases has declined, but remains at a high level, with over 100 cases per million people in recent days.
The chart shows the number of daily new COVID-19 tests per 1,000 people in Nicaragua from March 6th to May 15th, 2022. The data is presented as a 7-day rolling average. The number of tests has been relatively stable, with a slight increase in recent days.
The chart shows the number of people vaccinated against COVID-19 per hundred in Mali from March 30, 2021, to May 28, 2022. The data is presented in a line graph, with the x-axis representing the dates and the y-axis representing the number of people vaccinated. The chart shows a gradual increase in the number of people vaccinated over time, with a peak of 15.99 people vaccinated per hundred on February 26, 2022.
Life expectancy at birth in Trinidad and Tobago has increased over the past century, with a notable increase in the last few decades. In 1921, life expectancy was 38.8 years, while in 2021, it was 72.97 years.
Life expectancy at birth in Andorra has been steadily increasing over the past few decades, with a notable jump in 2018. The country has consistently ranked among the top countries in the world in terms of life expectancy, with an average of 83.0039 years in 2019.
Life expectancy at birth in Nicaragua has fluctuated over the past century, with a notable increase in recent years. In 1950, life expectancy was 41.0262 years, while in 2021, it was 73.8497 years. This represents a significant increase of 73.8497 - 41.0262 = 32.8235 years.
Life expectancy at birth in Saint Kitts and Nevis has been steadily increasing over the past few decades, with a notable jump in 2018. In 2019, the life expectancy was 71.6266 years, which is slightly lower than the previous year's value of 71.6822 years.
Life expectancy at birth in the Marshall Islands has been steadily increasing over the past few decades, with a notable jump in 2018. In 2021, the average life expectancy was 65.2688 years, up from 63.2696 years in 2018. This is a significant improvement from the 63.2261 years recorded in 2010.
Life expectancy at birth in Tonga has increased from 54.0267 years in 1950 to 70.9857 years in 2021, with a steady increase over the past few decades.
Life expectancy at birth in Libya has fluctuated over the past few decades, with a notable increase in 2018. The country's life expectancy has been consistently above the global average, with a high of 72.79 years in 2018.
The chart shows the percentage of the population in Kazakhstan that has received a first COVID-19 vaccine dose from January 31 to December 31, 2022. The data is presented in a line graph, with the x-axis representing the dates and the y-axis representing the percentage of the population vaccinated. The chart shows a gradual increase in the percentage of the population vaccinated over time, with a peak of 55.87% in September 2022.
.
The number of confirmed cases of COVID-19 in Armenia has been steadily increasing over the past few months, with a peak of 1,000 cases on April 24th. The number of tests has also been increasing, with a peak of 1,500 tests on April 26th. The positive rate of COVID-19 tests has been relatively stable, with a low of 0.022% on March 31st and a high of 0.285% on April 25th.
Burundi has reported a total of 1,000 confirmed COVID-19 cases, with the number of new cases peaking in mid-April at 1,000 cases per day. The number of cases has since declined, with the 7-day rolling average of new cases dropping to 0.2 cases per day as of December 2022.
Life expectancy at birth in Saudi Arabia has increased over the past few decades, with a notable increase from 1950 to 1951, from 40.9858 to 41.2129 years. The life expectancy has fluctuated slightly since then, with a slight decrease in 1952 from 41.732 to 42.2855 years, and a slight increase in 1954 from 42.8422 to 43.3296 years. However, overall, life expectancy in Saudi Arabia has been steadily increasing, with a notable increase from 1950 to 2021, from 40.9858 to 76.2392 years.
The chart shows the positive rate of COVID-19 tests in the United Kingdom from April 2020 to May 2022. The positive rate is calculated by dividing the number of confirmed cases by the number of tests. The chart shows a general upward trend in the positive rate, with a peak in April 2020 and a gradual decline since then. The positive rate was highest in April 2020, when it reached 0.2656, and lowest in May 2022, when it was 0.063.
The effective reproduction rate (R) of COVID-19 in the Czech Republic has been steadily declining since the beginning of the pandemic. The R value represents the average number of new infections caused by a single infected individual. It is calculated by dividing the number of new cases by the number of people who have tested positive for COVID-19. A value of 1.0 indicates that each infected person is transmitting the virus to an average of one other person. Values above 1.0 indicate that the virus is spreading faster than it can be contained, while values below 1.0 indicate that the virus is being contained.
The chart shows the number of people vaccinated against COVID-19 per hundred in Sint Maarten (Dutch part) from May 7, 2021, to March 31, 2023. The data is presented in a line graph, with the x-axis representing the date and the y-axis representing the number of people vaccinated per hundred. The chart shows a gradual increase in the number of people vaccinated over time, with a peak of 67.41 people vaccinated per hundred on September 16, 2022.
The number of new COVID-19 cases in South Africa has been steadily increasing since the beginning of the year. The 7-day rolling average of new cases per million people peaked in mid-December, reaching a high of 10,000 cases per million people. Since then, the number of cases has declined, but remains at a high level, with over 2,000 cases per million people in the most recent week.
The number of new COVID-19 cases in Tonga has been steadily increasing over the past few months, with a peak of 307.458 cases on February 20, 2022. The number of cases has since declined, with 473.218 cases reported on February 27, 2022. The number of cases has been relatively stable in recent days, with 2489.075 cases reported on March 20, 2022.
The number of COVID-19 tests per 1,000 people in Ghana has been steadily increasing since the beginning of the pandemic. The number of tests has increased by 100% since the end of March, and the 7-day rolling average has remained above 0.1 since the beginning of April. The number of tests has been relatively stable in recent days, with a slight decrease in the past few days.
The effective reproduction rate (R) of COVID-19 in Venezuela has been steadily declining since the beginning of the pandemic. The R value represents the average number of new infections caused by a single infected individual. It is calculated by dividing the number of new cases by the number of people who have tested positive for the virus. A value of 1 means that each infected person is likely to infect 1 other person on average, while a value greater than 1 indicates that the virus is spreading more rapidly than it is being contained.
The chart shows the number of people vaccinated against COVID-19 in Aruba from March 29, 2021, to December 29, 2022. The data is presented in a bar chart format, with the x-axis representing the date and the y-axis representing the number of people vaccinated. The chart shows a gradual increase in the number of people vaccinated over time, with a peak of 59.44 people vaccinated on June 30, 2021. The chart also shows a slight decrease in the number of people vaccinated in the months of July and August, but a gradual increase in the number of people vaccinated in the months of September and October.
Life expectancy at birth in the Cook Islands has increased steadily over the past few decades, with a notable increase in 2018. The average life expectancy in 2021 was 74.75 years, up from 74.57 years in 2020.
The chart shows the number of people vaccinated against COVID-19 in Thailand from February 27 to August 30, 2022. The data is presented in a bar graph, with the x-axis representing the dates and the y-axis representing the number of people vaccinated. The chart shows a gradual increase in the number of people vaccinated over time, with a peak of 79.51 people vaccinated on August 30, 2022.
Cameroon's positive rate of COVID-19 tests has been relatively stable over the past few days, with a slight increase in the number of positive cases. The number of tests has also been relatively consistent, with a slight decrease in recent days. The positive rate has been relatively low, ranging from 0.0 to 0.0126, with a slight increase in recent days. The number of positive cases has been relatively low, ranging from 0 to 0.027, with a slight increase in recent days.
The chart shows the number of people vaccinated against COVID-19 in Ireland from December 28, 2020, to August 31, 2023. The number of people vaccinated has increased steadily over time, with a peak of 81.79 people vaccinated on May 26, 2023.
The number of daily new COVID-19 tests per 1,000 people in Burkina Faso has been relatively stable over the past few days, with a slight increase in the number of tests on February 28th. The highest number of tests was recorded on February 27th, with 0.024 tests per 1,000 people.
The chart shows the positive rate of COVID-19 tests in the United States from March 7, 2020, to June 30, 2022. The positive rate is calculated by dividing the number of confirmed cases by the number of tests. The chart shows a general upward trend in the positive rate, with a peak in mid-April 2020. The positive rate has since declined, with a slight increase in recent weeks.
The effective reproduction number (R) of COVID-19 in Qatar has been fluctuating over time, with a peak of 1.87 in early April 2020 and a low of 0.7 in late August 2020. The R value represents the average number of new infections caused by a single infected individual, and it is an important indicator of the pandemic's spread.
Palestine has vaccinated a significant portion of its population against COVID-19, with over 38% of the population receiving at least one dose as of May 2022. The vaccination rate has been steadily increasing over time, with a notable increase in April 2022, likely due to the launch of the COVID-19 vaccination campaign in Palestine.
The effective reproduction rate (R) of COVID-19 in Belgium has been steadily declining since the beginning of the pandemic. The R value represents the average number of new infections caused by a single infected individual. It is calculated by dividing the number of new cases by the number of people who have tested positive for COVID-19. A value of 1 means that each infected person will infect an average of one other person, and a value greater than 1 indicates that the virus is spreading more quickly than it is being contained. The R value has been below 1 since mid-April, indicating that the number of new cases is decreasing relative to the number of people who have tested positive.
The effective reproduction rate (R) of COVID-19 in Greece has been steadily declining since the beginning of the pandemic. The R value represents the average number of new infections caused by a single infected individual. It is calculated by dividing the number of new cases by the number of people who have tested positive for COVID-19. A value of 1.0 indicates that each infected person is transmitting the virus to an average of one other person. Values above 1.0 indicate that the virus is spreading faster than it can be contained, while values below 1.0 indicate that the virus is being contained.
The chart shows the number of people vaccinated against COVID-19 in Georgia from March 14, 2021, to August 31, 2022. The data is presented in a bar chart format, with the number of people vaccinated per day represented by the height of each bar. The chart also includes a line chart that shows the total number of people vaccinated over time. The chart caption provides information about the data source, the time period covered, and the units of measurement.
Life expectancy at birth in Liberia has fluctuated over the past 70 years, with a notable increase in the past decade. In 1950, life expectancy was 38.49 years, while in 2021, it was 60.74 years. This represents a significant improvement, with an increase of 62.26 years over the past 70 years.
Life expectancy at birth in Wallis and Futuna has been steadily increasing over the past few decades, with a notable jump in 2018. The country has made significant progress in improving healthcare and reducing mortality rates, resulting in a longer life expectancy for its citizens.
The number of COVID-19 tests per 1,000 people in Denmark has been steadily increasing since the beginning of the pandemic. The number of tests has increased by approximately 100% since the end of February, and the number of tests per 1,000 people has increased from 0.0 to 2.5 in the past two months.
The chart shows the percentage of the population in Cyprus that has received a first COVID-19 vaccine dose from January 6, 2021, to December 21, 2022. The data is presented in a line graph, with the percentage of vaccinated people plotted against the date. The graph shows a gradual increase in the percentage of vaccinated people over time, with a peak of 74.91% in December 2022.
Bosnia and Herzegovina has seen a significant increase in COVID-19 cases in recent months. The 7-day rolling average of new cases per million people has increased from 0.0 in February to 14.049 in April, with a peak of 27.347 in April. The number of cases has decreased slightly in recent weeks, but remains high compared to previous months.
The effective reproduction rate (R) of COVID-19 in Cyprus has been steadily declining since the beginning of the pandemic. The R value represents the average number of new infections caused by a single infected individual. It is calculated by dividing the number of new cases by the number of people who have tested positive for COVID-19. A value of 1.0 indicates that each infected person is transmitting the virus to an average of 1.0 other people. Values above 1.0 indicate that the virus is spreading faster than it can be contained, while values below 1.0 indicate that the virus is being contained.
Sweden has seen a significant increase in COVID-19 cases in recent months, with a 7-day rolling average of new cases per million people reaching a peak of 25.31 on May 22nd. The number of cases has since declined, but remains high compared to previous months.
The chart shows the number of people vaccinated against COVID-19 in the Isle of Man from January 25, 2021, to June 23, 2022. The data is presented in a bar chart format, with the number of vaccinated people per day represented by the height of each bar. The chart also includes the total number of vaccinated people for each day, which is represented by a horizontal line at the bottom of the chart. The chart shows a gradual increase in the number of vaccinated people over time, with a peak of 82.29 people vaccinated on June 22, 2022.
The chart shows the positive rate of COVID-19 tests in Guatemala from March 19 to May 31, 2022. The positive rate is calculated by dividing the number of confirmed cases by the number of tests. The chart shows a general upward trend in the positive rate, with a peak in mid-April. The positive rate has since decreased, but remains above 10% as of May 31.
Life expectancy at birth in Djibouti has increased significantly over the past few decades, with a notable increase from 40.5665 years in 1950 to 62.3049 years in 2021.
The effective reproduction number (R) of COVID-19 in North Macedonia has been steadily declining since the beginning of the pandemic. The R value represents the average number of new infections caused by a single infected individual. The chart shows the R value for the past few months, with a peak in mid-April and a gradual decline since then. The R value has remained below 1 for most of the time, indicating that the virus is being contained and that the number of new infections is decreasing.
The chart shows the positive rate of COVID-19 tests in Ecuador from September 14, 2020, to December 31, 2022. The positive rate is the number of confirmed cases divided by the number of tests, expressed as a percentage. The positive rate has been generally increasing over time, with a peak of 0.397 on September 14, 2020, and a low of 0.152 on December 27, 2022. The positive rate has been relatively stable in recent months, with a value of 0.203 on December 31, 2022.
The chart shows the percentage of the population in Turkmenistan that received a first COVID-19 vaccine dose from February 28, 2021, to August 6, 2023. The data shows a gradual increase in the number of people vaccinated, with a peak of 71.76% in August 2023.
Life expectancy at birth in Slovakia has increased significantly over the past century, with a notable increase in the last few decades. In 1921, life expectancy was around 44 years, while in 2021, it was around 77 years. This increase can be attributed to various factors such as improved healthcare, sanitation, and nutrition, as well as advancements in medical technology.
The effective reproduction number (R) of COVID-19 in Antigua and Barbuda has been steadily declining since the beginning of October. The R value represents the average number of new infections caused by a single infected individual. A value of R greater than 1 indicates that the virus is spreading, while a value less than 1 indicates that the virus is under control. The chart shows the daily R value for Antigua and Barbuda from September 28 to December 31, 2022. The R value has been consistently below 1 since October 16, indicating that the virus is under control in Antigua and Barbuda.
Life expectancy at birth in North Macedonia has been steadily increasing over the past few decades, with a notable jump in 2018. The country's life expectancy has been consistently above the global average, with a high of 77.3142 years in 2021.
Bangladesh has seen a significant increase in COVID-19 cases in recent months, with a 7-day rolling average of new cases per million people reaching a peak of 102.22 in early October. The number of cases has since declined, with a 7-day rolling average of 3.28 cases per million people as of December 31st.
The chart shows the number of people vaccinated against COVID-19 in Saint Vincent and the Grenadines from March 17, 2021, to April 31, 2023. The data is presented in a bar graph, with the x-axis representing the dates and the y-axis representing the number of people vaccinated. The chart shows a gradual increase in the number of people vaccinated over time, with a peak of 36.1 people vaccinated on March 31, 2023.
The chart shows the percentage of people in Botswana who have received a first COVID-19 vaccine dose from March 25, 2021, to May 31, 2022. The data is presented in a line graph, with the x-axis representing the dates and the y-axis representing the percentage of people vaccinated. The chart shows that the percentage of people vaccinated increased from 0.0% on March 25, 2021, to 74.15% on May 31, 2022.
Life expectancy at birth in Jordan has increased from 75.1843 years in 2021 to 76.044 years in 2020, with a steady increase over the past decade. The highest life expectancy was recorded in 2020, while the lowest was recorded in 1950.
Anguilla has been experiencing a significant increase in COVID-19 cases, with a 7-day rolling average of 10.728 new tests per 1,000 people. The number of tests has been steadily increasing over the past few weeks, with a peak of 10.728 tests on October 31st. The number of cases has also been increasing, with a peak of 10.728 cases on October 31st.
Life expectancy at birth in Sao Tome and Principe has increased significantly over the past few decades, with a notable increase from 1990 to 2000. In 2021, the life expectancy at birth was 67.59 years, which is higher than the average life expectancy in Africa (62.9 years) and the world (65.7 years).
Angola has seen a significant increase in the positive rate of COVID-19 tests in recent days, with the 7-day rolling average reaching a peak of 0.1635 on January 24th. The number of confirmed cases has also been on the rise, with a total of 1,123 cases reported on January 29th. The number of tests performed has remained relatively stable, with an average of 1,000 tests per day in the past week. The positive rate has been consistently above 0.1000, indicating a high level of infection in the country.
The number of new COVID-19 cases in Indonesia has been steadily increasing since the beginning of the pandemic. The 7-day rolling average of new cases per million people peaked in early August, reaching a high of 46.557 cases per million people on August 23, 2020. Since then, the number of cases has declined, with the 7-day rolling average dropping to 1.476 cases per million people on August 30, 2023.
The number of COVID-19 tests performed in Zimbabwe has been steadily increasing over time, with a peak of 1,000 tests per day in early June 2020. However, the number of tests has since declined, with an average of 500 tests per day in recent weeks.
Life expectancy at birth in Malaysia has increased steadily over the past few decades, with a notable increase from 75.9378 in 2020 to 75.7603 in 2021.
The positive rate of COVID-19 tests in Guinea has been fluctuating over the past few weeks, with a low of 0.0067 on April 17th and a high of 0.0243 on May 24th. The rate has been generally increasing over time, with a slight decrease in the past few days.
The number of new COVID-19 cases in Guadeloupe has been steadily increasing over the past few months, with a peak of over 2000 cases per day in early August. The number of cases has since declined, but remains at a high level, with over 1000 cases reported in the past week.
.
Life expectancy at birth in Moldova has increased over the past few decades, with a notable increase in 2018. The country's life expectancy has been consistently above the global average, with a high of 70.9351 years in 2019.
The number of new COVID-19 tests per 1,000 people in Panama has been steadily increasing since the beginning of the pandemic. The number of tests has increased by 100% since the end of March, and the 7-day rolling average has remained relatively stable at around 0.2 tests per 1,000 people.
Finland has seen a significant increase in COVID-19 cases in recent months, with a peak of over 10,000 cases per day in early December. The number of cases has since declined, but remains at a high level, with over 2,000 cases reported on January 2nd.
The number of new COVID-19 cases in Oman has been steadily increasing over the past few months, with a peak of 58.968 cases per million people on April 26th. The number of cases has since declined, with a low of 1.623 cases per million people on June 28th. The number of cases has been relatively stable in recent weeks, with a low of 1.405 cases per million people on March 26th.
Life expectancy at birth in North Korea has been steadily increasing over the past few decades, with a notable jump in 2018. The country's life expectancy has increased by approximately 3 years since 1950, with a significant increase in the last decade.
The effective reproduction rate (R) of COVID-19 in Uganda has been steadily declining since the beginning of May. The R value is a measure of the number of people who become infected by a single infected person, and it is typically used to estimate the number of new infections that each infected person will cause. The R value is calculated by dividing the number of new infections by the number of people who are already infected. The R value is an important indicator of the spread of the virus, and it can help public health officials to understand how the virus is spreading and to make decisions about how to control its spread.
.
The chart shows the positive rate of COVID-19 tests in Curacao from October 23, 2021, to May 20, 2022. The positive rate is the number of confirmed cases divided by the number of tests, expressed as a percentage. The positive rate has been steadily decreasing since October 23, 2021, from 0.8901 to 0.0865 on May 29, 2022.
The chart shows the positive rate of COVID-19 tests in Gambia from May 12 to March 24, 2022. The positive rate is the number of confirmed cases divided by the number of tests, expressed as a percentage. The 7-day rolling average is also shown. The positive rate has been relatively stable, ranging from 0.0025 to 0.0181 percent over the past few months.
The chart shows the number of people in Kiribati who have received a first COVID-19 vaccine dose per 100 people in the population from June 2021 to February 2023. The data is presented in a line graph, with the x-axis representing the months and the y-axis representing the number of people vaccinated per 100 people. The chart shows a gradual increase in the number of people vaccinated over time, with a peak of 76.88 people vaccinated per 100 people in February 2023.
The chart shows the positive rate of COVID-19 tests in Belgium from March 7th to May 31st, 2020. The positive rate is calculated by dividing the number of confirmed cases by the number of tests. The chart shows a general upward trend, with the positive rate peaking at around 30% in mid-April. The rate has since declined, with the most recent data point showing a positive rate of around 10%.
The number of new COVID-19 cases in the Faeroe Islands has been steadily increasing since the beginning of 2020. The number of cases peaked in early April, with over 500 cases reported in a single day. Since then, the number of cases has fluctuated, with some days seeing a significant decrease in cases, while other days see a slight increase. The number of cases has been relatively stable in recent weeks, with an average of around 100 cases per day.
The number of new COVID-19 cases in Cyprus has been steadily increasing since the beginning of the pandemic. The 7-day rolling average of new cases per million people peaked in mid-April, reaching over 100 cases per million people. Since then, the number of cases has declined, but remains at a high level, with over 20 cases per million people in recent days.
Life expectancy at birth in the Philippines has increased significantly over the past century, with a notable increase in the last few decades. In 1938, life expectancy at birth was 40.0 years, while in 2021, it was 69.2664 years. This represents a significant increase of 69.2664 - 40.0 = 29.2664 years.
The number of new COVID-19 tests per 1,000 people in Cape Verde has been steadily increasing since the beginning of June, with a peak of 0.89 on October 29th. The number of tests has been relatively stable in recent days, with a slight decrease in the past few days.
The number of new COVID-19 cases in Guinea has been steadily increasing over the past few months, with a peak of 35.623 cases per million people on May 31, 2020. The number of cases has since declined, with a low of 0.093 cases per million people on August 23, 2020. The number of cases has been relatively stable in recent weeks, with a low of 0.062 cases per million people on December 31, 2022.
The chart shows the percentage of the population in Madagascar that has received a first COVID-19 vaccine dose from May 12, 2021, to May 31, 2023. The data is presented in a line chart format, with the x-axis representing the dates and the y-axis representing the percentage of the population vaccinated. The chart shows a gradual increase in the percentage of the population vaccinated over time, with a peak of 8.93% on July 30, 2023.
The number of new COVID-19 cases in Austria has been steadily increasing since the beginning of the pandemic. The 7-day rolling average of new cases per million people peaked in early April, reaching over 1,000 cases per million people. Since then, the number of cases has declined, but remains at a high level, with over 100 cases per million people in recent days.
The number of COVID-19 tests per 1,000 people in South Sudan has been steadily increasing since the beginning of September, with a peak of 0.085 tests per 1,000 people on April 28th, 2022.
The chart shows the positive rate of COVID-19 tests in Kosovo from June 2nd to June 30th, 2022. The positive rate is calculated by dividing the number of confirmed cases by the number of tests. The positive rate has been generally decreasing over time, with a low of 0.007 on June 2nd and a high of 0.088 on June 29th. The rate has been relatively stable in recent days, with a value of 0.052 on June 30th.
The chart shows the percentage of the population in Peru that has received a first COVID-19 vaccine dose from February 9, 2021, to December 31, 2022. The data is presented in a line chart, with the x-axis representing the date and the y-axis representing the percentage of the population vaccinated. The chart shows a gradual increase in the percentage of the population vaccinated over time, with a peak of 88.82% in December 2022.
Barbados has seen a significant increase in COVID-19 cases in recent days, with the number of tests per 1,000 people rising from 3.2 in March to 4.8 in May. The highest number of tests was recorded on May 28, with 5,007 tests performed.
The positive rate of COVID-19 tests in Haiti has been steadily increasing over the past few weeks, with a 7-day rolling average of 0.2265 on February 25th. The number of confirmed cases has also been on the rise, with a total of 1,145 cases reported as of February 28th.
The chart shows the positive rate of COVID-19 tests in Uruguay from March 29 to May 31, 2022. The positive rate is calculated by dividing the number of confirmed cases by the number of tests. The chart shows a general downward trend in the positive rate, with a low of 0.0757 on March 29 and a high of 0.1682 on May 31. The positive rate has been generally decreasing since the beginning of April, with a few minor fluctuations.
The number of new COVID-19 cases in Isle of Man has been steadily increasing since the beginning of 2020. The highest number of cases was recorded in April 2020, with over 2000 cases reported in a single day. The number of cases has since declined, but remains at a high level, with over 1000 cases reported in the past week.
The chart shows the daily number of COVID-19 tests per 1,000 people in Congo from April 27 to May 1, 2022. The data is presented as a 7-day rolling average, with the most recent value at the top. The chart indicates that the number of tests has remained relatively stable over the past week, with an average of around 0.109 tests per 1,000 people per day.
The number of daily new COVID-19 tests per 1,000 people in Peru has been steadily increasing since the beginning of April. The number of tests has more than doubled since the start of May, reaching a peak of 1.891 tests per 1,000 people on February 24, 2022.
The chart shows the number of people vaccinated against COVID-19 per hundred in Syria from March 2021 to December 2022. The data is presented in a line graph, with the x-axis representing the dates and the y-axis representing the number of people vaccinated per hundred. The chart shows a gradual increase in the number of people vaccinated over time, with a peak of 14.9 people vaccinated per hundred in April 2022.
The chart shows the number of people vaccinated against COVID-19 in North Macedonia from February 16, 2021, to December 26, 2022. The data is presented in a line graph, with the x-axis representing the date and the y-axis representing the number of people vaccinated. The chart shows a gradual increase in the number of people vaccinated over time, with a peak of 40.81 people vaccinated on December 26, 2022.
The number of COVID-19 tests per 1,000 people in Uganda has been steadily increasing since the beginning of the pandemic. The number of tests has increased by 100% since April 2020, and the 7-day rolling average has remained relatively stable at around 0.06 tests per 1,000 people.
The number of new COVID-19 cases in Malaysia has been steadily increasing over the past few months, with a peak of over 20,000 cases reported on October 25, 2020. The number of cases has since declined, but remains at a high level, with over 10,000 cases reported in the past week.
