Friedensreich Hundertwasser's Rainy Day is a 1966 documentary film directed by Peter Schamoni and produced by Arik Brauer. The film features the Austrian artist Friedensreich Hundertwasser and was shot in Venice, Italy. It was nominated for an Academy Award for Best Documentary (Short Subject) in 1967.
Catalan Republic is a state with limited recognition located in the Iberian Peninsula, bordered by the Mediterranean Sea. It has a right-hand traffic system and a head of government named Carles Puigdemont. Catalan Republic is an instance of a historical country and a state with limited recognition.
Ratlam State was a princely state of the British Raj, located in the Central Provinces of India. It was ruled by the Sindhia family, who were granted the title of Maharaja in 1818. The state was known for its rich cultural heritage and was home to several temples and historical sites, including the Ratlam Fort, which was built in the 17th century.
Gods and Monsters is a 1998 American biographical drama film directed by Bill Condon and written by Bill Condon and Christopher Bram. It is loosely based on the life of James Whale, the director of the 1931 film Frankenstein and the 1935 film Bride of Frankenstein. The film stars Ian McKellen, Brendan Fraser, and Lynn Redgrave.
Plavi 9 is a 1982 Croatian drama film directed by Ante Babaja and produced by Jadran Film. The film stars Irena Kolesar, Ljubomir Didić, and Antun Nalis and was shot in Yugoslavia. The film is about the struggles of a football team in a small town and the impact it has on the community.
Afghanistan (/ əˈɡreɪnɪstæn /) is a landlocked country in Central Asia. It is bordered by Pakistan in the south and east, Iran in the west, Turkmenistan, Uzbekistan, and Tajikistan in the north. The terrain and climate of the country are extremely diverse, ranging from cold snowy winters in the north to scorching hot summers in the south.
The Qin dynasty was the first dynasty in traditional Chinese history, lasting from 221 to 206 BC. It was established by the Qin state, which was one of the Warring States that existed during the Qin dynasty's ascendancy. The Qin dynasty was succeeded by the Han dynasty, which is considered the beginning of Imperial China.
Comores Aviation International is an airline based in Moroni, Comoros. It operates scheduled domestic services and international services to Madagascar, Tanzania, and Zanzibar.
Sotiris Gioulekas is a Greek professional basketball player who currently plays for Gymnastikos S. Larissas in the Greek Basket League.
Gandhara was an ancient kingdom located in the Swat Valley in present-day Pakistan. It was known for its rich cultural heritage and was an important center of Buddhist learning and art. Gandhara was a major center of Buddhist culture and was home to many famous Buddhist scholars and artists, including the Buddha's disciple, Sariputra.
Frequency Therapeutics is a biotechnology company that develops medicines using its proprietary platform technology, which is based on the therapeutic use of ultrasonic frequencies. The company's platform technology is designed to target specific cellular pathways and mechanisms, which are involved in the development of various diseases, including cancer, diabetes, and neurodegenerative disorders.
Niyaz Mohammad Amiri is an Afghan politician who has served as a member of the House of the People since 2010.
Vamsa Vilakku is a 1986 Indian Tamil film directed by S. P. Muthuraman. The film stars Prabhu Ganesan and Sivaji Ganesan in the lead roles. The film's music was composed by Gangai Amaran.
Ionis Pharmaceuticals is a biotechnology company based in Carlsbad, California, that focuses on the development of antisense drugs for the treatment of various diseases. The company was founded in 1989 and went public in 1993. Ionis Pharmaceuticals has developed several drugs, including Mipomersen, which is currently in clinical trials for the treatment of familial chylomicronemia syndrome and familial hypercholesterolemia.
La Femme que j'ai le plus aimée" is a 1946 French film directed by Henri Decoin and starring Raymond Aimos, Bernard Blier, Michèle Alfa, Alfred Adam, Paul Faivre, René Lefèvre, Charles Granval, Lucien Baroux, and Noël-Noël. The film is an instance of a film.
Viaggi di nozze is a 2018 Italian romantic comedy film directed by Francesco Romei and starring Paolo Conticini and Rita Rusić. The film was shot in Venice and Florence, Italy, and features a color palette of pastel shades. It tells the story of a couple who embark on a honeymoon trip to Italy, but their plans are disrupted by unexpected events.
Vincent Vaughan is an Irish Gaelic football player who plays for Tipperary Senior Football Team.
Dangerous Night" is a 1990 Indian horror film directed by Bappi Lahiri. The film is known for its catchy music and its unsettling atmosphere. It is a classic of Indian horror cinema and has gained a cult following over the years.
Scoopler is a social news website that allows users to share and discover news articles, videos, and images. It was founded in 2008 and is based in Mountain View, California. Scoopler is a participant of Y Combinator Summer 2008.
The Beylik of Tunis was a medieval Berber state that existed from the 13th to the 16th century in the region of Tunisia. The Beylik was ruled by the Bey of Tunis, who was the head of state and the supreme military and religious leader of the region. The Beylik was known for its strong military power and its role in the expansion of the Ottoman Empire.
Emma Gibbs is a female human with the given name Emma.
Révillon Chocolatier is a French chocolate manufacturer based in Le Coteau, France. The company was founded in 1892 and has been producing high-quality chocolates ever since. Revillon's chocolates are known for their unique flavors and artisanal production methods, which have earned them a loyal following among chocolate enthusiasts.
Flora Eliot-Cohen is a female human.
The Fourth Dynasty of Egypt was a dynasty of Egyptian pharaohs who ruled from the pyramid complex of Giza in the 26th century BC. The Fourth Dynasty is considered to be the apex of the Egyptian pyramid building era, with the construction of the Great Pyramid of Giza, the Great Pyramid of the Khufus, the Great Pyramid of the Khafra, and the Pyramid of the Menkaura.
Andhare Alo is a 1948 Bengali silent film directed by Naresh Mitra and Sisir Bhaduri. The film stars Sisir Bhaduri and is in black-and-white. It is a public domain film from the British Raj.
Apparatebau Gauting is a German company that specializes in the construction and maintenance of elevators and escalators. The company is headquartered in Gauting, Germany, and provides services to clients across the country.
The Socialist Federal Republic of Yugoslavia was a socialist state in Southeast Europe that existed from its foundation in the aftermath of World War II until its dissolution in 1991 amid the Yugoslav Wars. The SFRY was a federation of six socialist republics: Slovenia, Croatia, Bosnia and Herzegovina, Serbia, Montenegro, and Macedonia, and two autonomous provinces within Serbia: Kosovo and Vojvodina.
The Head of Gonzalez is a 1922 German silent film directed by Franz Osten and starring Fritz Greiner. The film is in black-and-white and is in the public domain.
The Hawthorns Public House is a Grade II listed building in the suburb of Sandwell, West Midlands, England. It is a pub that was built in 1898 and has been designated as a heritage site due to its architectural significance.
Ohana is a Japanese restaurant chain headquartered in Ōita, Japan. It specializes in traditional Japanese cuisine and offers a variety of dishes, including sushi, tempura, and noodle dishes.
The Lithuanian Soviet Socialist Republic (Lithuanian: Lietuvos Tarybų Socialistinė Respublika, Russian: Литовская Советская Социалистическая Республика) was a puppet state of the Soviet Union that existed from 1940 to 1990. It was created in 1940 after the Soviet Union annexed the Republic of Lithuania, which had been a sovereign state since 1918. The Lithuanian SSR was a socialist state and was governed by the Communist Party of Lithuania, which was subordinate to the Communist Party of the Soviet Union. The Lithuanian SSR was a member of the Soviet Union and was responsible for the administration of the territory of Lithuania. The Lithuanian SSR was dissolved in 1990 after the collapse of the Soviet Union.
Mahan confederacy was a confederation of three states in ancient Korea, which existed from the 2nd century BC to the 3rd century AD. It was located in the southeastern part of the Korean Peninsula and was part of the Samhan confederacies. The confederacy was formed by the merger of Bulmiguk, Yeoraebiriguk, and other smaller states in the region. The confederacy was known for its strong military and cultural influence, and it played a significant role in the development of Korean culture and history.
Hoppichler Paletten, Kisten, Holzverpackung is a Czech company that specializes in the production of wooden crates, boxes, and packaging materials. The company is based in Kaplice and was founded in 1990. It operates as a société anonyme (SA) and is registered under the name "Hoppichler Paletten, Kisten, Holzverpackung".
The Kingdom of Pamplona was a medieval kingdom in the Pyrenees, which existed from the 9th century to the 15th century. It was ruled by the Jiménez dynasty, who were originally from Pamplona. The kingdom was a vassal of the Kingdom of Navarre, and it was later annexed by the Crown of Castile in the 15th century.
Don't You Believe" is a black-and-white silent animated short film from South Africa, released in 1936. The film was directed by Norman H. Lee and produced by African Film Productions. It is a lost film, meaning that it is no longer available in its original form. The film's copyright status is public domain, and it is known for its unique blend of animation and live-action footage.
Garðar Gunnlaugsson is an Icelandic football player who currently plays for Valur in the Icelandic Premier League. He has previously played for IFK Norrköping in Sweden, L.A.S.K. Linz in Austria, and SpVgg Unterhaching in Germany.
The Work and the Story is a 2007 American comedy film directed by Richard Dutcher and starring Richard Dutcher, David Osmond, and Kendall Wilcox. The film was shot in Utah and is written and directed by Dutcher.
The Life of Oharu is a 1952 Japanese film directed by Kenji Mizoguchi, based on the novel The Life of an Amorous Woman by Ihara Saikaku. The film stars Chieko Higashiyama, Jūkichi Uno, Eijirō Yanagi, Ichirō Sugai, Kinuyo Tanaka, and was produced by Shintōhō. The film is a black-and-white drama film with a running time of 120 minutes.
Doro TV Merchandising is an Italian company that specializes in the production and distribution of television merchandise. The company is headquartered in Guidonia Montecelio, Italy, and was founded in 1999.
Baban is a historical country that existed in the 10th century AD. It was located in the present-day region of Iran and was ruled by the Baban dynasty.
Utum was an ancient city located on the Little Zab river in the Assyrian province of Upper Mesopotamia. It was mentioned in ancient sources, including the Paulys Realenzyklopädie der klassischen Altertumswissenschaft, which described it as a historical city.
CBS Associated Records was a record label founded in 1969 by CBS Records, a division of CBS Inc. The label was created to distribute music from CBS's affiliated record companies, including Bell Records, Kapp Records, and Mainstream Records. CBS Associated Records was later absorbed into CBS Records in 1972.
Haworth Tompkins is a British architecture firm founded in 1992 by Steve Tompkins and Graham Haworth. The firm has received numerous awards, including the Stirling Prize in 2017 for their work on the Young Vic theatre.
Liberen a García is a 2018 Argentine drama film directed by Alejandro Agresti. The film stars Alejandro Agresti, Alejandra Flechner, and Alejandro Agresti Jr. The film is set in the 1970s and tells the story of a family who is torn apart by political persecution.
Indore State was a princely state of the British Raj, located in the present-day Indian state of Madhya Pradesh. It was ruled by the Holkar dynasty from its capital, Indore.
Amirhossein Kalhor is an Iranian grass skiing competitor.
S & W Cafeteria is a historic restaurant located in Asheville, North Carolina. It was built in 1927 and is listed on the National Register of Historic Places.
Sparkasse an der Lippe is a German savings bank headquartered in Detmold, North Rhine-Westphalia, Germany. It is a member of the Sparkassen-Finanzgruppe and Sparkassenverband Westfalen-Lippe.
Bellmore Herald Life is a weekly newspaper published in Bellmore, New York, United States of America.
Driven Brands is an American franchise holding company that owns, operates, and franchises automotive services businesses in the United States. The company was founded in 1996 and is headquartered in Charlotte, North Carolina. It operates several brands, including Maaco, Meineke, Econo Lube, and CARSTAR.
Chicago Cab is a 1997 American drama film directed by John Cusack and starring Tracy Letts, Kevin J. O'Connor, and Moira Harris. The film was distributed by Castle Hill Productions and was written by Phillip Edward Van Lear.
Reinhold Schultz was a German judge and politician who served as a judge in the German Reich and later as a judge in the German Democratic Republic.
The New York gazette is a newspaper published in New York City, New York, United States.
Diario Jaén is a daily newspaper published in Jaén, Spain. It was founded in 1988 and is currently owned by the Prensa Ibérica group. The newspaper covers local news, sports, and entertainment, and is published in Spanish.
Motociklu vasara" is a 1965 Soviet film directed by Uldis Brauns and produced by the Riga Film Studio. The film was written by Marģeris Zariņš and features music by the same composer. It was filmed in the Latvian Soviet Socialist Republic and is in the Russian language.
Jan Bogatko was a Polish-Lithuanian Commonwealth politician who served as a deputy to the Sejm of the First Polish Republic in the 16th century.
Carlo Vittore Papardo was an Italian Catholic priest and bishop who served as titular bishop of Cibyra and diocesan bishop of Messina from 1955 to 1988.
ProjectTogether is a non-profit organization based in Germany that aims to support the Sustainable Development Goals (SDGs) through collaboration and innovation. The organization was founded in 2015 and is headquartered in Munich, with a presence in Berlin. ProjectTogether works with startups, corporations, and other stakeholders to develop and implement sustainable solutions that address the SDGs.
Colchis was an ancient kingdom and later a province in the western Caucasus, corresponding to the modern-day region of Georgia.
The Arab Federation was a proposed confederation of Arab states that was discussed in the early 20th century. The proposed confederation would have included the Arabian Peninsula, the Arabian Gulf, and parts of North Africa. The capital of the confederation would have been Baghdad, and the official language would have been Arabic. The official religion would have been Islam.
Antonio Grimau, Víctor Laplace, Enrique Pinti, Gabriel Goity, Alicia Zanca, Fabián Rendo, and color are the cast members of the Argentine drama film Shared Secrets, directed by Alberto Lecchi.
The Gay Desperado is a 1936 American romantic comedy-drama film directed by Lucien Andriot and starring Ida Lupino, Frank Marlowe, Mischa Auer, Stanley Fields, Chrispin Martin, Michael Visaroff, and others. The film was produced by Jesse Louis Lasky and written by Wallace Smith.
The Taifa of Segorbe was a medieval taifa kingdom that existed in the 11th and 12th centuries in the region of Segorbe, in the present-day province of Castellón, Spain.
Nadine Winter was an American politician who served as a member of the Council of the District of Columbia from 1980 to 1988.
Annesley John Garrett was a British Army officer who served as the Governor of Hong Kong from 1947 to 1952.
Pura Vida Ibiza is a 2018 German comedy film directed by Gernot Roll and starring Kristian Kiehling and Michael Krabbe. The film is rated FSK 12 and is available in color.
Carrozzeria Helvetia is an Italian coachbuilder that specializes in the design and production of customized vehicles. The company is based in Rozzano, Italy, and has been in operation since 1960. Carrozzeria Helvetia has collaborated with various automobile manufacturers, including Fiat, Alfa Romeo, and Lancia, to create unique and distinctive vehicles that cater to the needs of their customers.
Harry Myers, Wesley Barry, Ralph Forbes, Rosemary Theby, and Franklin Pangborn star in the black-and-white comedy film Rich Relations, released in 1939. The film is an American production.
The Haunted Oak is a 1901 silent short film directed by Lewin Fitzhamon and produced by Walton Studios. The film is a lost film, meaning that no known copies of the film exist.
Jesse Lyman Hurlbut was an American theologian, editor, and author, best known for his work on John Wesley's sermons and for his own book, The Pilgrim's Progress.
Les Sept barres d'or is a 1902 French silent short film directed by Georges Méliès. The film is a black-and-white production and is in the public domain.
Spółdzielnia Pszczelarska APIS w Lublinie is a beekeeping cooperative located in Lublin, Poland. It is a business entity that specializes in beekeeping and honey production.
Ashot de Taron was a 13th-century Armenian nobleman and military commander.
Oudh State was a princely state of the British Raj in India, located in the present-day state of Uttar Pradesh. It was ruled by the Nawab of Oudh, who was a vassal of the British Empire.
The United States of Belgium was a confederation that existed from 1830 to 1839. It was formed by the merger of the provinces of Belgium and Luxembourg, and was ruled by a king of the Netherlands. The language used was Central German, and the religion was Catholic Church.
Andrea Marcellusi is an Italian researcher who works as a lecturer at Kingston University and a researcher at the Consiglio Nazionale delle Ricerche.
Akwa Group is a Moroccan company operating in the petroleum industry. The company is headquartered in Casablanca and is involved in various activities related to the oil and gas sector, including exploration, production, and refining.
Ahammad Ali is a Bangladeshi politician who is a member of the Bangladesh Nationalist Party.
Nanki-Shirahama Onsen is a hot spring resort located in Wakayama Prefecture, Japan. It is known for its beautiful coastline and hot springs, which are said to have therapeutic properties. The resort is located in the Nishimuro District and is part of the Kansai region.
The Imperial State of Iran was a historical country that existed from 1925 to 1979. It was a totalitarian monarchy ruled by the Pahlavi dynasty, with Reza Shah Pahlavi as its first ruler. The country's official language was Persian, and its currency was the Iranian rial.
Pennicott Wilderness Journeys is a tourism company based in Hobart, Tasmania, Australia. The company offers a range of wilderness experiences, including sea kayaking, hiking, and wildlife viewing tours.
Schwörer Haus is a German company that operates as a Kommanditgesellschaft. It has its headquarters in Hohenstein, Germany.
Free City of Danzig was a city-state that existed from 1920 to 1939, when it was annexed by Nazi Germany.
The Gray Wolves" is a 1926 silent short film directed by Igor Gostev and Joseph A. Golden, produced by Mosfilm, and written by Joseph A. Golden. The film stars Rolan Bykov and Lev Durov and is a detective fiction film.
Garsas (Šenandoa) is a Lithuanian newspaper published in Šenandoa, Lithuania.
Solaria Energía y Medio Ambiente is a Spanish company that specializes in the production and distribution of solar panels and other renewable energy products. The company is based in Spain and operates as a factory and business.
Swisscom IT Services Finance is a Swiss-based company that provides IT services and solutions to businesses. The company is headquartered in Zürich and is a publicly traded corporation, with shares listed on the Swiss stock exchange.
Shamshadin Sultanate was a medieval sultanate that existed in the 13th century in the region of modern-day Azerbaijan. It was founded by Shams-i Tabriz, a Persian nobleman who was appointed as the ruler of the region by the Seljuks, a Turkish dynasty that had recently conquered the area. The sultanate was known for its cultural and intellectual achievements, as well as its military prowess. Shams-i Tabriz was a patron of the arts and sciences, and the sultanate was home to many famous scholars and poets.
Batuque is a 1985 Portuguese documentary film directed by João César Monteiro. The film is a portrait of the Batuque community in the city of Salvador, Bahia, and explores the cultural and historical significance of the community's music and dance.
Chicago Livestock World is a broadsheet newspaper published in Chicago, Illinois, United States. It was founded in 1873 and has been in continuous publication ever since.
Augusta A. Varty-Smith is a Canadian writer and former politician.
Bloud & Gay was a French publisher that operated in the late 19th and early 20th centuries. The company was founded by Edmond Bloud and Francisque Gay, and it published a variety of books, including fiction, non-fiction, and children's literature.
Sri Ksetra Kingdom was an ancient Pyu city located in the Ayeyarwady Region of Myanmar. It was designated as a World Heritage Site in 2014 and is part of the Pyu Ancient Cities, a group of five ancient cities that were once the centers of the Pyu civilization.
Rawiwan Hansudewechakul is a Thai actress and singer.
Antonio Pessagno was a 15th-century Italian banker and seneschal of Gascony.
Sean Hardman is an Australian rugby union player who currently plays for the Australia national rugby union team and Australia A national rugby union team. He is a hooker who was born in Brisbane and has been playing rugby since his youth. Hardman has been a member of the national team since 2017 and has made several appearances for the team, including in the 2019 World Cup.
Raxco Software is a software company based in Gaithersburg, Maryland that specializes in developing software for the Windows operating system.
Legally Blonde is a 2001 American romantic comedy - drama film based on the novel of the same name by Amanda Brown. The film was directed by Robert Luketic and produced by Marc E. Platt, with a screenplay by Kirsten Smith. It stars Reese Witherspoon as the lead character, Elle Woods, a sorority girl who enrolls at Harvard Law School to win back her ex-boyfriend, only to find herself in a new romance and a new career.
French Cameroons was a League of Nations mandate and a United Nations Organisation trust territory in Central Africa, which existed from 1922 to 1960. It was a mandate of the League of Nations, and then a trust territory of the United Nations, and was administered by France. It was divided into two parts: the Southern Cameroons and the Northern Cameroons.
La sangre de las guitarras" is a black-and-white Argentine film from 1955, directed by Margarita Solá and starring Francisco Álvarez, Vicente Forastieri, and Herminia Mancini. The film is a musical drama that tells the story of a group of musicians who come together to form a band and the struggles they face along the way.
