Hundertwasser's Rainy Day" is a short documentary film directed by Peter Schamoni. The film features Friedensreich Hundertwasser as the cast member and Arik Brauer as the composer. The film was shot in Venice and edited by Heidi Genée. It was nominated for the Academy Award for Best Documentary (Short Subject) and was originally filmed in German.
The Catalan Republic is a state with limited recognition that is located on the Iberian Peninsula and bordered by the Mediterranean Sea. It is a historical country that has a basic form of government as a republic, and its head of government is Carles Puigdemont. The driving side in Catalan Republic is right, and it is an instance of a state with limited recognition. The Catalan Republic is also located in time zone 00 and has a public holiday known as National Day of Catalonia.
Ratlam State was a historical country and a princely state of the British Raj, located in the administrative territorial entity of the Central Provinces. It was described by the Brockhaus and Efron Encyclopedic Dictionary.
Gods and Monsters" is a film based on the classic novel "Father of Frankenstein" by Mary Shelley. The movie was directed by Clive Barker and starred Arthur Dignam. It was rated "For ages 15 and up" by the Medierådet. The film was shot in California and focused on the theme of suicide. The narrative location was also in California. The original language of the film was English and the screenplay was written by Bill Condon.
Plavi 9 is a Croatian drama film directed by Ante Babaja and distributed by Jadran Film. The film features Irena Kolesar, Ljubomir Didić, and Antun Nalis as cast members. The main subject of the film is association football. The film was originally produced in the Croatian language and is an instance of a film.
Afghanistan is a country located in South Asia. It is an instance of a country and is a member of the Organisation for the Prohibition of Chemical Weapons. The country has two administrative territorial entities: Paktika and Nangarhar. The ethnic group that is predominant in Afghanistan is the Hazaras. The language used in Afghanistan is Southern Uzbek. The legislative body of Afghanistan is the National Assembly of Afghanistan. The lowest point in Afghanistan is the Amu Darya. The head of government of Afghanistan holds the office of Chief Executive Officer.
The Qin dynasty was a Chinese dynasty that ruled from 221 to 206 BCE. It was characterized by an absolute monarchy and was headquartered in Xianyang. The dynasty was a part of the larger Chinese state and continent, and its rule marked a significant period in Chinese history. The Qin dynasty is known for its many achievements, including the unification of China, the construction of the Great Wall, and the standardization of Chinese writing and measurement systems. Overall, the Qin dynasty played a crucial role in shaping the course of Chinese civilization.
Comores Aviation International is an airline based in Comoros, with its hub located at Prince Said Ibrahim International Airport. The airline's headquarters is in Moroni, and it is an instance of an airline. Comores Aviation International provides air travel services to various destinations, connecting Comoros with other countries in the region. The airline is committed to providing safe, reliable, and comfortable flights to its passengers, and strives to maintain a high level of customer service.
Sotiris Gioulekas is a male basketball player from Greece who plays the small forward position for the sports team Gymnastikos S. Larissas. He was born in Larissa and is a member of the team. Sotiris is a human instance of the sport of basketball and is a basketball player by occupation. He is a citizen of Greece and competes in men's basketball.
Gandhara is a historical country that was located in the region of modern-day Pakistan and northwestern India. It was described by various sources, including Brockhaus and Efron Encyclopedic Dictionary and Pauly's Realenzyklopädie der klassischen Altertumswissenschaft. Gandhara was an instance of a historical country and is a topic that falls under the main category of Gandhara.
Frequency Therapeutics is a business located in the United States of America.
Niyaz Mohammad Amiri is a male politician from Afghanistan. He was born in Ghazni and currently holds the position of Member of the House of the People. His country of citizenship is Afghanistan and he is an instance of a human being.
Vamsa Vilakku is a Tamil film that was released in India. The film features cast members Prabhu Ganesan and Sivaji Ganesan. The film was composed by Gangai Amaran and was in the color. The film is an instance of a film and was originally in Tamil.
Ionis Pharmaceuticals is a public biotechnology and pharmaceutical company based in the United States of America. Its headquarters is located in Carlsbad. The company produces Mipomersen, a drug used to treat genetic disorders. Ionis Pharmaceuticals is an instance of a pharmaceutical company and operates in the pharmaceutical industry. The company is a legal form of a public company.
La Femme que j'ai le plus aimée" is a film that features several cast members, including Raymond Aimos, Bernard Blier, Michèle Alfa, Alfred Adam, Paul Faivre, René Lefèvre, Charles Granval, Lucien Baroux, and Noël-Noël.
Paolo Conticini and Francesco Romei star in a film directed by Rita Rusić, which was filmed in Venice and Florence, Italy. The narrative location of the film is Italy, and the film editor is Antonio Siciliano. The film is an instance of a wedding trip, and the color of the film is not specified.
Vincent Vaughan is a male Gaelic football player from Mullinahone, Ireland. He is a member of the Tipperary Senior Football Team and has played in various matches for the team. He is also an instance of the human species and has a family name of Vaughan and a given name of Vincent. His occupation is a Gaelic football player and he is known for his skills and contributions to the sport.
Dangerous Night" is a horror film composed by Bappi Lahiri, originating from India. It falls under the genre of horror films and is an instance of a film.
Scoopler is a business that participated in Y Combinator's Summer 2008 program. Y Combinator is a startup accelerator that provides funding and mentorship to early-stage startups. Scoopler's participation in the program indicates that it was a promising startup at the time and was likely seeking to grow and expand its business. As a business, Scoopler likely has a specific product or service that it offers to its customers. However, without additional information, it is difficult to determine the specific nature of Scoopler's business or its current status.
The Beylik of Tunis was a historical country located in Africa. It was a monarchy with the capital city of Tunis. The language used in the Beylik was Northern Berber languages, but Turkish was the official language. The Bey of Tunis was the head of state of the Beylik. The Beylik is now an instance of Tunus Beyliği, which is a topic in the field of history.
Emma Victoria Gibbs is a human female. She is an instance of the human species and has a female sex or gender.
Révillon Chocolatier is a French business located in Le Coteau. The company is known for its chocolates and is a popular destination for chocolate lovers.
Flora Eliot-Cohen is a human female.
The Fourth Dynasty of Egypt was an instance of an Egyptian dynasty. This dynasty falls under the category of Fourth Dynasty of Egypt.
Andhare Alo" is a black-and-white silent film directed by Sisir Bhaduri and Naresh Mitra. It was produced during the British Raj and is in the Bengali language. The film is in the public domain and is an instance of a film.
AOA Apparatebau Gauting is a business located in Gauting, Germany. The company is an instance of a business and operates in Germany.
The Socialist Federal Republic of Yugoslavia was a sovereign state that existed in Southeastern Europe from 1945 to 1991. It was a communist country that was led by Josip Broz Tito, who implemented a unique form of communism known as Titoism. The country had a parliament as its legislative body and used Macedonian and Serbo-Croatian as its official languages. Yugoslavia was a member of the Global System of Trade Preferences among Developing Countries. The country's anthem was Hey, Slavs and its flag was the flag of Yugoslavia. Yugoslavia was composed of several ethnic groups, including Serbs, Croats, Slovenes, Macedonians, Montenegrins, and Bosniaks. The country was dissolved in 1991 due to ethnic tensions and conflicts.
The Head of Gonzalez is a black-and-white silent film directed by Franz Osten and starring Fritz Greiner. It is a German film that is now in the public domain. The film is an instance of a silent film genre and is considered a classic of the era.
The Hawthorns Public House is a Grade II listed building located in Sandwell, United Kingdom. It is an instance of a pub and is situated at the junction of Birmingham Road and Halfords Lane.
Ohana本舗 is a business located in Ōita, Japan. It is an instance of a business, meaning it is an establishment that operates with the aim of generating revenue or profit.
The Lithuanian Soviet Socialist Republic was a sovereign state that existed in Europe from 1940 to 1990. It was a republic of the Soviet Union and followed the Interwar Lithuania. The anthem of the Lithuanian Soviet Socialist Republic was the Anthem of the Lithuanian Soviet Socialist Republic, and its coat of arms was the emblem of the Lithuanian Soviet Socialist Republic. The official language of the Lithuanian Soviet Socialist Republic was Russian, and it was a puppet state. The Lithuanian Soviet Socialist Republic is a topic that falls under the category of Lithuanian Soviet Socialist Republic.
The Mahan confederacy was a historical country that existed during the Samhan period in Korea. It was made up of two parts: Bulmiguk and Yeoraebiriguk. The confederacy was an instance of a larger historical country and a confederation. The topic of the confederacy falls under the category of "마한" (Mahan).
Hoppichler Paletten, Kisten, Holzverpackung is a business and enterprise located in the Czech Republic, with its headquarters in Kaplice. The company operates as a společnost s ručením omezeným, which is a type of legal entity in the Czech Republic. The company specializes in the production and sale of pallets, boxes, and wooden packaging materials.
The Kingdom of Pamplona is a hereditary monarchy with a capital in Pamplona. It is an instance of a realm and has a variety of languages used within its borders, including Gascon, Latin, Basque, Navarro-Aragonese, and Provençal. The head of state is the Monarch of Pamplona, and the official religion is the Catholic Church.
Don't You Believe" is a black-and-white animated short film directed by Norman H. Lee and produced by African Film Productions. It is a public domain film that originated in South Africa. Unfortunately, this film is considered lost.
Garðar Gunnlaugsson is an Icelandic association football player who has played for several sports teams, including Valur, IFK Norrköping, L.A.S.K. Linz, SpVgg Unterhaching, and the Iceland national football team. He has also represented Iceland in various youth football tournaments, including the under-17 and under-21 levels. Gunnlaugsson plays as a forward on the team.
The Work and the Story is a comedy film directed by Richard Dutcher, filmed in Utah, United States of America. The film was originally produced in English and its narrative location is also Utah. The cast member for this film is Richard Dutcher, and it is an instance of a film. The color of the film is not specified in the given data.
The Life of Oharu is a black-and-white drama film produced by Shintōhō. The film is based on a work by Ihara Saikaku and features the cast members Chieko Higashiyama, Jūkichi Uno, Eijirō Yanagi, Ichirō Sugai, and Kinuyo Tanaka. The film is edited by Toshio Gotō and falls under the genre of drama films.
Doro TV Merchandising is a business located in Guidonia Montecelio, Italy. The company is involved in merchandising for TV programs and products.
Baban is a historical country that is different from other countries. It is an instance of a country that has existed in the past.
The Little Zab is a terrain feature that was located in an ancient history period in a country that was described in Paulys Realenzyklopädie der klassischen Altertumswissenschaft. This country was an instance of a historical country, meaning that it existed in the past. The time period in which this country existed was during ancient history. Overall, the Little Zab was a significant location in this country's history, as it was likely an important feature of the landscape that played a role in the daily lives of the people who lived there.
CBS Associated Records is a record label that is different from CBS and CBS Records. It is an instance of a record label and has a discography that is cataloged. The label is based in the United States of America.
Haworth Tompkins is an architectural firm and business based in the United Kingdom. The firm was named after Steve Tompkins and Graham Haworth, and has received several awards, including the Stirling Prize. Some of their notable works include the Young Vic, which is a theatre in London. The firm is known for its innovative and sustainable designs, and has a strong commitment to social responsibility.
Liberen a García is a Spanish drama film directed by an unknown director. The film was produced in Argentina and is the instance of a film. The original language of the film is Spanish. The film's color is not specified in the given data.
Indore State was a historical country and a princely state of the British Raj. Its capital was Indore, which is located in Asia. The state was described in various sources, including the Brockhaus and Efron Encyclopedic Dictionary and the Small Brockhaus and Efron Encyclopedic Dictionary. Indore State was an instance of a historical country and a princely state of the British Raj.
Amirhossein Kalhor is a male grass skiing competitor from Iran. He is a human instance of the occupation of grass skiing competitor.
The S & W Cafeteria is a restaurant located in Asheville, United States of America. It is a heritage designation, meaning it is listed on the National Register of Historic Places. The restaurant is an instance of a place listed on the National Register of Historic Places, which is a contributing property to the heritage designation. Overall, the S & W Cafeteria is a significant historical landmark in Asheville.
Sparkasse an der Lippe is a German financial institution that operates as an Anstalt des öffentlichen Rechts, which is a type of public law foundation. It is a member of both the Sparkassen-Finanzgruppe and the Sparkassenverband Westfalen-Lippe, two prominent organizations in the German banking industry. As a Sparkasse, it is a type of savings bank that is owned by the state and operates under the supervision of the Federal Financial Supervisory Authority (BaFin). Sparkasse an der Lippe offers a range of financial services, including savings accounts, loans, and investment products, to individuals and businesses in the region of Westfalen-Lippe, Germany.
The Bellmore Herald Life is a newspaper located in Bellmore, New York, United States of America. It is an instance of a newspaper and is published in the United States of America. The newspaper is situated in the administrative territorial entity of New York.
Driven Brands is a business operating in the automotive services industry in the United States of America.
The Chicago Cab is a drama film that was distributed by Castle Hill Productions and directed by Tracy Letts. The film features a cast that includes Kevin J. O'Connor, John Cusack, Moira Harris, and Phillip Edward Van Lear. The narrative location of the film is Chicago, and it was originally filmed in English. The film explores the lives of cab drivers in the city and the challenges they face in their daily work. Overall, the Chicago Cab is a thought-provoking and engaging film that sheds light on the struggles of working-class Americans.
Reinhold Schultz was a judge from Germany. He was born in Wanzleben-Börde and died in Leipzig. He was a male and his family name was Schultz. He was an instance of the human species and held the occupation of a judge. His given name was Reinhold.
The New-York gazette is a newspaper that is headquartered in Manhattan. It is an instance of a newspaper, which is a type of publication that provides news and information on current events, politics, business, sports, and entertainment.
Diario Jaén is a daily newspaper that operates in the Jaén Province of Spain. It is a newspaper that is published in Spanish and is headquartered in Jaén. The newspaper is owned and operated by a company based in Spain and is considered an instance of a newspaper. It is a daily newspaper that is published in print and online. The newspaper is known for its coverage of local news and events in the Jaén Province. It is a popular source of information for people living in the area and is widely read by both residents and visitors to the region.
Motociklu vasara" is a film directed by Uldis Brauns and produced by the Riga Film Studio. The film was originally made in Russian and is from the Soviet Union. The composer of the film is Marģeris Zariņš and it was made in the Latvian Soviet Socialist Republic.
Jan Bogatko was a male citizen of the Polish–Lithuanian Commonwealth, born into the Bogatkowie herbu Pomian family. He held the position of deputy to the Sejm of the First Polish Republic and was known for his contributions to the political landscape of the time. His country of citizenship was the Polish–Lithuanian Commonwealth, and he was an instance of the human species.
Carlo Vittore Papardo is a Catholic bishop from the Kingdom of Italy. He was born in Messina and holds the position of diocesan bishop. He is a male member of the Catholic Church and has held the title of Catholic bishop. His occupation is that of a Catholic priest.
ProjectTogether is a nonprofit organization and business incubator located in Berlin, Germany. Their headquarters is in Munich, and their objective is to contribute to the Sustainable Development Goals. They are involved in various projects and actions that aim to promote sustainable development and social responsibility.
The Colchians were a historical country that is described by the Armenian Soviet Encyclopedia. They are also listed on the Wikimedia list article. As such, they are an instance of both a historical country and a Wikimedia list article.
The Arab Federation is a historical country that existed in Asia. It was a confederation with Arabic as its official language and Islam as its official religion. The capital of the Arab Federation was Baghdad. The Arab Federation is an instance of a country that has a long history and has played an important role in the region's culture and politics.
The Shared Secrets is a drama film directed by Alberto Lecchi, which originated in Argentina. The film features a cast of six actors including Antonio Grimau, Víctor Laplace, Enrique Pinti, Gabriel Goity, Alicia Zanca, and Fabián Rendo. The film's genre is drama and its color is not specified in the given data.
The Gay Desperado is a film directed by Lucien Andriot and starring Ida Lupino, Frank Marlowe, Mischa Auer, Stanley Fields, Chrispin Martin, and Michael Visaroff. The film was produced by Jesse Louis Lasky and written by Wallace Smith. It was originally filmed in English and is considered a classic of the genre.
The Taifa of Segorbe is an instance of a taifa, which is a political and military organization that existed in North Africa during the Middle Ages. The language used in this taifa is the Amazigh languages, which are spoken by the Berber people in the region. The Amazigh languages are a group of languages that are spoken in North Africa and are characterized by their use of the Berber script.
Nadine Winter was a female politician from the United States of America who was born in New Bern and died in Washington, D.C. She was educated at Brooklyn College and held a position on the Council of the District of Columbia. Her cause of death was pneumonia and she passed away due to natural causes. She was a member of the human species and her occupation is not specified in the given data.
Annesley John Garrett is a male human who holds the military rank of colonel. He is an instance of the human species and has a male gender.
Pura Vida Ibiza is a German comedy film directed by Gernot Roll. The film features Kristian Kiehling and Michael Krabbe as cast members and was rated FSK 12. The film was shot in color and is an instance of a film. The original language of the film is German.
Carrozzeria Helvetia is an automotive industry company that operates as an automobile manufacturer. Its headquarters location is in Rozzano. The company is known for its expertise in the automotive industry and has a reputation for producing high-quality vehicles.
The given data pertains to a black-and-white comedy film that originated in the United States of America. The film features Harry Myers, Wesley Barry, Ralph Forbes, Rosemary Theby, and Franklin Pangborn as its cast members. It is an instance of a film, and its original language is English.
The Haunted Oak is a black-and-white silent short film directed by Lewin Fitzhamon and produced by Walton Studios. It was released in the United Kingdom and is now in the public domain. The film is a significant event as it is considered lost. The aspect ratio of the film is 3 and it falls under the genre of silent films. Despite its lost status, The Haunted Oak remains an important piece of film history.
Jesse Lyman Hurlbut was a notable American theologian and editor, who was educated at Wesleyan University. He was a Methodist and a male, and is known for his work as an editor and his notable work, The Pilgrim's Progress. Hurlbut was a citizen of the United States of America and his family name was Hurlbut.
Les Sept barres d'or" is a black-and-white silent short film directed by Georges Méliès, which originated in France. The film is in the genre of silent films and is considered a public domain work.
Spółdzielnia Pszczelarska APIS is a business located in Lublin, Poland. It is an instance of a spółdzielnia, which is a type of cooperative in Poland. The business is involved in the production and sale of honey, and has a focus on sustainable and environmentally friendly practices.
Ashot de Taron is a human male.
Oudh State was a historical country and a princely state of the British Raj in Asia. It was a significant part of the Indian subcontinent and played an important role in the region's history.
The United States of Belgium is a historical country that existed in Europe as a confederation. Its capital was Brussels and its language was Central German. The country was a member of the Catholic Church and its main category is the United Belgian States.
Andrea Marcellusi is a researcher who has worked at Kingston University and the Consiglio Nazionale delle Ricerche. He is an instance of a human and has a given name of Andrea.
Akwa Group is a business operating in the petroleum industry and is headquartered in Casablanca. The company is involved in the production and distribution of petroleum products, and operates in various regions around the world. Akwa Group is committed to providing high-quality products and services to its customers, and is constantly looking for ways to improve its operations and expand its market share.
Ahammad Ali is a human who is a member of the Bangladesh Nationalist Party and is male. He is an instance of a human being.
Nanki-Shirahama Onsen is a hot spring located in Shirahama, Nishimuro District, Wakayama Prefecture, Japan. It is an instance of both furoshiki-yu (a type of hot spring) and onsen (a Japanese term for hot spring). The hot spring is located in the Kansai region, which is known for its beautiful natural landscapes and rich cultural heritage.
The Imperial State of Iran is a historical country that was ruled by the Pahlavi dynasty. The capital of Iran is Tehran, and the official language is Persian. The basic form of government was monarchy, but it also had elements of totalitarianism. The currency used in Iran is the Iranian rial. The Imperial Anthem of Iran is the national anthem of Iran.
Pennicott Wilderness Journeys is a business located in Hobart. The company offers a range of wilderness experiences and adventures for tourists and locals alike. Whether you're looking to explore the rugged coastline, hike through the mountains, or kayak along the rivers, Pennicott Wilderness Journeys has something for everyone. With a focus on safety and sustainability, the company ensures that all of its tours are conducted in a responsible and environmentally friendly manner. Whether you're a seasoned adventurer or a first-time explorer, Pennicott Wilderness Journeys is the perfect choice for anyone looking to experience the natural beauty of Tasmania.
The Schwörer Haus is a business located in Germany, with its headquarters in Hohenstein. It is an instance of both an enterprise and a business, and is legally structured as a Kommanditgesellschaft. This means that it is a partnership where the partners are not personally liable for the debts of the business.
The Free City of Danzig was a historical city-state located in Europe, following West Prussia. It was an instance of a protectorate and a historical country. The city had a republic as its basic form of government and its capital was Gdańsk. People born in the city were categorized as "Родившиеся в Вольном городе Данциге". The official language of the city was Polish and its legislative body was the Volkstag. Overall, the Free City of Danzig was a unique and important part of European history.
The Gray Wolves is a film directed by Igor Gostev and Joseph A. Golden, produced by Mosfilm. It features cast members Rolan Bykov and Lev Durov, and is classified as both a silent short film and a detective fiction. The film was written by Joseph A. Golden and is an instance of a film.
Garsas (Šenandoa) is a newspaper that operates in Lithuania. The language of work or name for this newspaper is Lithuanian.
Solaria Energía y Medio Ambiente is a factory and business located in Spain. The company operates in the energy and environmental sectors, and its focus is on providing sustainable solutions for a better future.
Swisscom IT Services Finance is a business entity located in Zürich, Switzerland. It is registered as an Aktiengesellschaft, which is a type of corporation in Switzerland. The company provides IT services and finance solutions to its clients.
The Shamshadin Sultanate was a historical country located in Asia. It was an instance of a sultanate, which is a type of government in which a single person, known as a sultan, holds all the power. The sultanate existed for a certain period of time and was an important part of the region's history.
Batuque is a documentary film that originated in Portugal. It is an instance of a film in the genre of documentary. The film explores the culture and traditions of a particular community, providing insight into their way of life.
Chicago Livestock World is a broadsheet newspaper that covers the livestock industry in the Chicago area. It provides news, analysis, and market information for farmers, ranchers, and other stakeholders in the industry. The newspaper is a valuable resource for those looking to stay up-to-date on the latest developments in the livestock world.
Augusta A. Varty-Smith is a human writer who identifies as female. She is an instance of a human being who has chosen to pursue a career in writing.
Edmond Bloud and Francisque Gay were the directors/managers of a publisher based in France. They worked together as a team to manage the publisher's operations.
Sri Ksetra Kingdom is an ancient city that was once a part of the Pyu Ancient Cities. It is also a heritage designation and is part of the World Heritage Site. The kingdom was once a historical country and is now recognized as an important part of the world's cultural heritage.
Rawiwan Hansudewechakul is a female human.
Antonio Pessagno was a human who held the occupation of Seneschal of Gascony and banker. He was a male individual.
Sean Hardman is a male rugby union player from Australia. He was born in Brisbane and is a citizen of Australia. He is a member of the Australia national rugby union team and the Australia A national rugby union team. He plays the position of hooker on the team. His occupation is a rugby union player.
Raxco Software is a business located in Gaithersburg. It is an instance of a company that operates in the software industry.
Legally Blonde is a film that was produced by Marc E. Platt and directed by Rob Reiner. The film is based on the novel of the same name by Amanda Brown and follows the story of a sorority girl named Elle Woods who decides to pursue a law degree. The film stars a talented cast, including Joanna Krupa, Jennifer Coolidge, Matthew Davis, and Selma Blair. The film was filmed in Santa Monica and was released in 2001. It received a Category II rating from the Filmiroda and was written by Kirsten Smith.
French Cameroons, also known as Cameroon, was a historical country that was a League of Nations mandate and later a trust territory of the United Nations. It was located in West Africa and was known for its diverse culture and rich history. The capital of French Cameroons was Yaoundé, and the country had two official currencies: the French franc and the CFA franc. People born in French Cameroons were categorized as Naissance au Cameroun français. The anthem of French Cameroons was La Marseillaise, and the country was an instance of both the League of Nations and the United Nations Organisation trust territories. French Cameroons was a topic of great interest and importance during its time, and its legacy continues to be felt today.
La sangre de las guitarras" is a black-and-white film that was produced in Argentina. The film features Margarita Solá, Francisco Álvarez, Vicente Forastieri, and Herminia Mancini as its cast members. The original language of the film is Spanish.
