The chart shows the percentage of the population in Mongolia that has received at least one dose of the COVID-19 vaccine. The data, collected from February 25, 2021, to May 11, 2022, indicates a steady increase in the vaccination rate, reaching 66.88% by the end of the period.
The effective reproduction rate (R) of COVID-19 in Myanmar fluctuated over time, starting at 0.46 in April 2020, reaching a peak of 2.22 in August 2020, and then gradually declining to 0.83 by January 2023. The reproduction rate represents the average number of new infections caused by a single infected individual.
The chart shows the 7-day rolling average of the positive rate of COVID-19 tests in Estonia, expressed as a percentage, from March 3, 2020, to June 21, 2022. The positive rate fluctuates over time, reaching its peak in early 2022 before gradually declining.
The chart shows the percentage of people vaccinated against COVID-19 in South Sudan from April 2021 to October 2023. The data indicates a gradual increase in vaccination rates, with the percentage of vaccinated individuals rising from 0.01% in April 2021 to 39.54% in October 2023. The vaccination rate experienced significant growth in the latter half of 2022 and continued to increase steadily into 2023, reaching over 20% by the end of the year.
The chart shows the life expectancy at birth in French Polynesia from 1950 to 2021. The life expectancy has steadily increased over the years, from 51.9433 years in 1950 to a peak of 82.9961 years in 2019, before dropping to 82.2167 years in 2020 and further to 79.4856 years in 2021.
The chart shows the percentage of the population in Denmark that has received a first dose of the COVID-19 vaccine. The data spans from December 2020 to September 2023, with the vaccination rate reaching 80.79% by the end of the period.
The chart shows the 7-day rolling average of daily new confirmed COVID-19 cases per million people in Qatar from February 2020 to December 2023. The number of cases remained at 0.0 from February to March 2020, then started to increase steadily, peaking at 5428.785 in February 2022. Subsequently, the number of cases gradually decreased, reaching 0.0 again in August 2023.
The chart shows the daily new COVID-19 tests per 1,000 people in Nicaragua, presented as a 7-day rolling average from March 6, 2022, to May 15, 2022. The number of tests per 1,000 people fluctuated between 0.02 and 0.051 during this period, with a slight overall increase in testing towards the end of the time frame.
The chart illustrates the percentage of the population in Mali that has received their first dose of the COVID-19 vaccine from March 2021 to May 2023. The data shows a gradual increase in vaccination rates, with the percentage rising from 0.0% in March 2021 to 19.27% in May 2023. The vaccination rate experienced a significant surge in the latter half of 2022 and continued to climb steadily into 2023.
Life expectancy at birth in Trinidad and Tobago from 1950 to 2021 showed a steady increase, with the average number of years a newborn could expect to live rising from 55.89 years in 1950 to 74.41 years in 2020. There was a significant improvement in life expectancy over the years, with a slight decrease to 72.97 years in 2021. Additionally, historical data from 1921, 1931, and 1946 indicated life expectancies of 38.8, 45.7, and 54.5 years, respectively.
The chart shows the life expectancy at birth in Andorra from 1950 to 2021. The life expectancy has steadily increased over the years, reaching a peak of 83.0039 years in 2019 before experiencing a slight decrease to 80.3684 years in 2021. The data reflects the average number of years a newborn in Andorra could expect to live based on the sex- and age-specific death rates prevailing at the time of their birth.
The chart shows the life expectancy at birth in Nicaragua from 1950 to 2021. The life expectancy has steadily increased over the years, with a significant rise from 1950 to 1970, followed by fluctuations in the following decades. The highest life expectancy was recorded in 2019 at 74.0543 years, with a slight decrease in 2020 to 71.7954 years. Additionally, historical data from 1920, 1930, and 1940 is included, showing a much lower life expectancy during those years.
The chart shows the life expectancy at birth in Saint Kitts and Nevis from 1950 to 2021. The life expectancy has steadily increased over the years, from 54.43 years in 1950 to 71.68 years in 2021. There were fluctuations in some years, but overall, there is a clear upward trend in life expectancy in the country.
The chart shows the life expectancy at birth in the Marshall Islands from 1950 to 2021. The life expectancy has steadily increased over the years, from 52.0572 years in 1950 to 65.2688 years in 2021. The data reflects the average number of years a newborn could expect to live, based on the sex- and age-specific death rates prevailing at the time of birth.
Life expectancy at birth in Tonga has steadily increased over the years, from 54.03 years in 1950 to 70.99 years in 2021. The average number of years a newborn can expect to live, based on the sex- and age-specific death rates prevailing at the time of birth, has shown a consistent upward trend, reflecting improvements in healthcare and living conditions in the country.
Life expectancy at birth in Libya has shown a steady increase over the years, from 33.6 years in 1950 to 72.5 years in 2018, with a slight decrease to 71.9 years in 2021. The data reflects the average number of years a newborn could expect to live, based on the sex- and age-specific death rates prevailing at the time of birth.
The chart shows the percentage of the population in Kazakhstan that has received at least one dose of the COVID-19 vaccine from January 31, 2021, to January 17, 2023. The vaccination rate steadily increased over time, reaching 55.98% by January 17, 2023.
The chart shows the effective reproduction rate (R) of COVID-19 in Paraguay from April 5, 2020, to January 2, 2023. The reproduction rate, which represents the average number of new infections caused by a single infected individual, fluctuated over time, reaching a peak of 1.42 in June 2020 and gradually declining to 0.34 by January 2023.
The chart shows the 7-day rolling average of the positive rate of COVID-19 tests in Armenia from February 3, 2020, to May 30, 2022. The positive rate is calculated as the number of confirmed cases divided by the number of tests, expressed as a percentage. The data indicates fluctuations in the positive rate over time, with a peak around February 2022 and a subsequent decrease.
This chart shows the 7-day rolling average of daily new confirmed COVID-19 cases per million people in Burundi from February 2020 to December 2023. The number of cases remained at 0.0 from February to March 2020, but started to increase gradually from April 2020 onwards, reaching a peak of 183.437 cases per million people in January 2022. Subsequently, the number of cases fluctuated, with a slight decrease in mid-2022, followed by a gradual increase again. As of December 2023, the number of cases per million people had decreased to 0.964.
The life expectancy at birth in Saudi Arabia has steadily increased over the years, from 40.99 years in 1950 to 76.94 years in 2021. There was a slight decrease in life expectancy in 2020, but it rebounded in 2021.
The chart shows the 7-day rolling average of the positive rate of COVID-19 tests in the United Kingdom from April 7, 2020, to May 18, 2022. The positive rate is calculated as the number of confirmed cases divided by the number of tests, expressed as a percentage. The data indicates fluctuations in the positive rate over time, with a peak in late 2020 and early 2021, followed by a gradual decrease and then a slight increase in 2022.
The effective reproduction rate (R) of COVID-19 in Czechia fluctuated over time, starting at 2.26 in March 2020 and gradually decreasing to a low of 0.64 in June 2021. Subsequently, the rate increased again, reaching a peak of 1.66 in October 2021 before declining to 0.57 in May 2022. The rate then fluctuated around 1.0 until the end of the data in January 2023.
The chart shows the percentage of people vaccinated against COVID-19 in Sint Maarten (Dutch part) from May 2021 to March 2023. The data indicates a steady increase in vaccination rates, with the percentage reaching 67.41% and remaining constant from September 2022 to March 2023.
The chart depicts the 7-day rolling average of daily new confirmed COVID-19 cases per million people in South Africa from February 2020 to December 2023. The number of cases remained at 0.0 per million people until March 2020, after which it steadily increased, reaching a peak of 1688.77 cases per million people in August 2021. Subsequently, the number of cases gradually decreased, with occasional fluctuations, and by the end of December 2023, it had dropped to 0.079 cases per million people.
The chart shows the 7-day rolling average of daily new confirmed COVID-19 cases per million people in Tonga. From February 2020 to October 2022, the number of cases remained at 0.0. However, starting from October 2022, there was a significant increase in the number of cases, reaching a peak of 7445.837 in March 2022. Subsequently, the number of cases gradually decreased, with occasional fluctuations, and by the end of December 2023, the number of cases had decreased to 16.041.
The chart shows the daily new COVID-19 tests per 1,000 people in Ghana, presented as a 7-day rolling average, from March 24, 2020, to June 20, 2022. The number of tests started at 0.003 tests per 1,000 people and gradually increased, reaching a peak of 0.206 tests per 1,000 people in July 2021. Subsequently, the number of tests fluctuated but generally decreased, with occasional small increases, reaching 0.037 tests per 1,000 people by June 20, 2022.
The chart illustrates the effective reproduction rate (R) of COVID-19 in Venezuela from March 27, 2020, to January 2, 2023. The reproduction rate, which represents the average number of new infections caused by a single infected individual, fluctuated between 0.74 and 1.34 during this period, with a noticeable increase in the rate from April to May 2020, followed by a gradual decrease until reaching its lowest point in September 2022. Subsequently, the rate began to rise again, reaching 1.05 by January 2, 2023.
The chart illustrates the percentage of the population in Aruba that has received at least one dose of the COVID-19 vaccine from March 29, 2021, to December 21, 2023. The data shows a steady increase in vaccination rates, reaching 85.04% by the end of the period.
The chart shows the life expectancy at birth in the Cook Islands from 1950 to 2021. The life expectancy has steadily increased over the years, from 36.95 years in 1950 to 74.76 years in 2021. There was a slight decrease in life expectancy in the late 1970s and late 1990s, but overall, there has been a consistent upward trend.
The chart illustrates the percentage of the population in Thailand that has received their first dose of the COVID-19 vaccine from February 27, 2021, to September 30, 2022. The data shows a steady increase in vaccination rates, with the percentage reaching 79.51% by the end of the period.
The 7-day rolling average positive rate of COVID-19 tests in Cameroon has remained consistently low, fluctuating between 0.0% and 0.0456% from March 14, 2022, to June 20, 2022. There was a slight increase in the positive rate towards the end of May, but it quickly returned to lower levels.
The chart illustrates the percentage of the population in Ireland that has received at least one dose of the COVID-19 vaccine from December 2020 to August 2023. The data shows a steady increase in vaccination rates, reaching 81.8% by the end of the period.
This chart shows the daily new COVID-19 tests per 1,000 people in Burkina Faso, presented as a 7-day rolling average. The number of tests started at 0.007 per 1,000 people on January 21, 2022, and gradually increased to 0.024 by the end of February. However, there was a slight decrease in testing towards the beginning of March, with the value dropping to 0.013 per 1,000 people on March 10, 2022.
The chart shows the 7-day rolling average of the positive rate of COVID-19 tests in the United States from March 7, 2020, to June 17, 2022. The positive rate is calculated as the number of confirmed cases divided by the number of tests, expressed as a percentage. The data indicates fluctuations in the positive rate over time, with a peak around January 2021 and a subsequent decrease leading into mid-2021, followed by a gradual increase again.
The effective reproduction rate (R) of COVID-19 in Qatar fluctuated over time, starting at 0.88 in March 2020, reaching a peak of 2.65 in April 2020, and then gradually declining to 0.74 in January 2023. The reproduction rate represents the average number of new infections caused by a single infected individual.
The chart shows the percentage of people vaccinated against COVID-19 in Palestine from March 30, 2021, to October 18, 2022. The data indicates a steady increase in the share of the population that received a first COVID-19 vaccine dose, reaching 38.34% by October 18, 2022.
The effective reproduction rate (R) of COVID-19 in Belgium fluctuated over time, starting at 2.43 in March 2020 and gradually decreasing to a low of 0.74 in May 2020. The rate remained relatively stable at around 0.74 until June 2020, after which it began to increase again, reaching a peak of 1.58 in July 2022. From there, the rate fluctuated but generally decreased, ending at 0.65 in December 2022.
The effective reproduction rate (R) of COVID-19 in Greece fluctuated over time, starting at 1.4 in March 2020, reaching its peak at 1.75 in December 2021, and then gradually decreasing to 0.29 in January 2023. The reproduction rate represents the average number of new infections caused by a single infected individual.
The chart illustrates the percentage of the population in Georgia that has received at least one dose of the COVID-19 vaccine from March 14, 2021, to October 13, 2022. The data shows a steady increase in vaccination rates, with the percentage reaching 44.19% by October 13, 2022.
The chart shows the life expectancy at birth in Liberia from 1950 to 2021. The life expectancy has shown a general upward trend over the years, with some fluctuations. In 1950, the life expectancy was 38.49 years, and it has steadily increased to 60.75 years in 2021. There was a significant drop in life expectancy in 1990, but it has been on the rise since then, reaching its peak in 2019 at 61.10 years. Overall, the data reflects an improvement in life expectancy in Liberia over the past seven decades.
Life expectancy at birth in Wallis and Futuna from 1950 to 2021. The data shows an increase in life expectancy over the years, with a slight decrease in 2010 and 2013, reaching a peak of 79.6 years in 2019, and then slightly decreasing to 78.4 years in 2021.
The chart illustrates the daily new COVID-19 tests per 1,000 people in Denmark, presented as a 7-day rolling average, from February 9, 2020, to June 22, 2022. The number of tests started at 0.0 in February 2020 and gradually increased, reaching a peak of 37.799 in December 2021. Subsequently, the number of tests decreased, with fluctuations, and stabilized around 1.226 in June 2022.
The chart illustrates the percentage of people vaccinated against COVID-19 in Cyprus from January 6, 2021, to February 22, 2023. The data shows a steady increase in the share of the population that received a first COVID-19 vaccine dose, reaching 74.91% by February 22, 2023.
The chart shows the 7-day rolling average of daily new confirmed COVID-19 cases per million people in Bosnia and Herzegovina from February 2020 to December 2023. The number of cases remained low until March 2020, after which there was a sharp increase, peaking in November 2021. Subsequently, the number of cases gradually decreased, with fluctuations, until the end of the data period.
The effective reproduction rate (R) of COVID-19 in Cyprus fluctuated over time, starting at 1.18 in March 2020, peaking at 1.78 in October 2020, and then gradually declining to 0.58 in September 2022. The reproduction rate represents the average number of new infections caused by a single infected individual.
The chart depicts the 7-day rolling average of daily new confirmed COVID-19 cases per million people in Sweden from February 2020 to December 2023. The number of cases started to increase significantly in March 2020, reaching a peak in January 2022, and then gradually declining. The data shows a fluctuating trend with periodic spikes and declines, reflecting the ebb and flow of the pandemic over the course of three years.
The chart shows the percentage of people vaccinated against COVID-19 in Isle of Man from January 25, 2021, to June 23, 2022. The data indicates a steady increase in the share of the population receiving the first COVID-19 vaccine dose, reaching 82.29 people per hundred by the end of the period.
The chart shows the 7-day rolling average of the positive rate of COVID-19 tests in Guatemala from March 19, 2020, to March 11, 2022. The positive rate is calculated as the number of confirmed cases divided by the number of tests, expressed as a percentage. The data indicates fluctuations in the positive rate over time, with a peak around May 2021 and a subsequent decrease towards the end of the observed period.
The chart shows the life expectancy at birth in Djibouti from 1950 to 2021. The life expectancy has steadily increased over the years, from 40.57 years in 1950 to 62.30 years in 2021, with some fluctuations in between. The data reflects the average number of years a newborn could expect to live if exposed to the prevailing death rates at the time of birth.
The effective reproduction rate (R) of COVID-19 in North Macedonia fluctuated over time, starting at 1.33 on March 23, 2020, and gradually decreasing to a low of 0.57 on May 2, 2021. Subsequently, the rate began to rise again, reaching a peak of 2.45 on August 6, 2021. From there, it gradually declined, with some fluctuations, and as of January 1, 2023, it stands at 0.27.
The chart shows the 7-day rolling average of the positive rate of COVID-19 tests in Ecuador from September 14, 2020, to June 17, 2022. The positive rate is calculated as the number of confirmed cases divided by the number of tests, expressed as a percentage. The data indicates fluctuations in the positive rate over time, with a peak around January 2022, followed by a gradual decrease in the positive rate.
The chart shows the percentage of people in Turkmenistan who have received their first dose of the COVID-19 vaccine. As of February 28, 2021, only 0.5% of the population had been vaccinated, but this number increased to 46.18% by March 6, 2022. By February 5, 2023, the percentage had risen to 52.24%, and by August 6, 2023, it had reached 71.76%.
Life expectancy at birth in Slovakia has shown a steady increase over the years, from 60.78 years in 1950 to 77.00 years in 2020. However, there was a slight decrease in life expectancy in 2021, dropping to 74.91 years. The data also shows life expectancy figures for 1921, 1930, and 1937, which were notably lower at 44.2, 49.9, and 53.2 years, respectively.
The chart illustrates the effective reproduction rate (R) of COVID-19 in Antigua and Barbuda from September 28, 2020, to January 2, 2023. The reproduction rate, which represents the average number of new infections caused by a single infected individual, fluctuates over time, reaching a peak of 1.25 in February 2021 before gradually declining to 0.0 by the end of 2022. The data provides insights into the transmission dynamics of the virus in the country over the specified period.
Life expectancy at birth in North Macedonia has shown a steady increase over the years, reaching 77.29 years in 2019. However, there was a slight decrease in life expectancy in 2020 and 2021, with the value dropping to 75.17 and 73.84 years respectively.
The chart depicts the 7-day rolling average of daily new confirmed COVID-19 cases per million people in Bangladesh from February 2020 to December 2023. The number of cases remained relatively low from February to April 2020, but saw a significant increase from May to August 2020, reaching a peak of 442.705 cases per million people. Subsequently, the number of cases gradually decreased, with fluctuations, and then began to rise again in early 2022, peaking at 365.021 cases per million people in August 2021. The trend continued to fluctuate but showed a general decrease from September 2021 to December 2023, with the number of cases dropping to 0.22 cases per million people by the end of December 2023.
The chart shows the percentage of people vaccinated against COVID-19 in Saint Vincent and the Grenadines, with the share of the population receiving a first vaccine dose increasing from 8.61% on March 17, 2021, to 36.1% on April 21, 2023. The vaccination rate experienced steady growth over the period, reaching 15.79% by August 20, 2021, and continuing to rise to 35.89% by November 11, 2022, before reaching 36.1% on April 21, 2023.
The chart shows the percentage of people vaccinated against COVID-19 in Botswana from March 2021 to May 2023. The data indicates a gradual increase in the vaccination rate, with the percentage of vaccinated individuals rising from 0.0% in March 2021 to 74.18% in May 2023. The vaccination rate experienced significant growth in the latter half of 2022, reaching 64.73% in February 2023 and further increasing to 74.18% by May 2023.
The life expectancy at birth in Jordan has shown a steady increase over the years, rising from 39.96 years in 1950 to 76.04 years in 2019. However, there was a slight decrease in 2020, with the life expectancy dropping to 75.18 years, and a further decrease to 74.26 years in 2021.
This chart shows the daily new COVID-19 tests per 1,000 people in Anguilla, represented as a 7-day rolling average. The number of tests has remained constant at 10.728 tests per 1,000 people from July 21, 2021, to November 8, 2021.
The chart shows the life expectancy at birth in Sao Tome and Principe from 1950 to 2021. The life expectancy has steadily increased over the years, reaching 67.59 years in 2021, with a slight decrease from the previous year. The data reflects the average number of years a newborn could expect to live, based on the sex- and age-specific death rates prevailing at the time of birth.
The 7-day rolling average of the positive rate of COVID-19 tests in Angola has fluctuated over time, starting at 0.089% on January 21, 2022, peaking at 0.1635% on January 24, and then gradually decreasing to 0.033% on June 2, 2022.
The chart shows the 7-day rolling average of daily new confirmed COVID-19 cases per million people in Indonesia from February 2020 to December 2023. The number of cases remained at 0.0 in the initial months but started to increase gradually, reaching a peak of 839.663 in March 2022. Subsequently, the number of cases decreased, with fluctuations, and by the end of the period, it had dropped to 3.887.
The chart shows the daily new COVID-19 tests per 1,000 people in Zimbabwe, presented as a 7-day rolling average, from May 13, 2020, to June 22, 2022. The number of tests fluctuates over time, with a peak in testing around July 2021, followed by a gradual decrease in testing rates. Overall, there is a noticeable increase in testing from mid-2021 to early 2022, with some fluctuations in the testing rate in the later months.
The chart shows the life expectancy at birth in Malaysia from 1950 to 2021. The life expectancy has steadily increased over the years, from 46.9976 years in 1950 to 74.8839 years in 2021, with some fluctuations in between. The average number of years a newborn could expect to live has shown an overall positive trend, reflecting improvements in healthcare and living conditions in the country.
The 7-day rolling average positive rate of COVID-19 tests in Guinea has fluctuated between 0.0006% and 0.0445% from March 19, 2022, to June 22, 2022, with the highest peak occurring on March 23, 2022. The positive rate has generally remained below 0.03% since April 6, 2022, with occasional small spikes.
The chart shows the 7-day rolling average of daily new confirmed COVID-19 cases per million people in Guadeloupe from February 2020 to December 2023. The number of cases remained low from February to May 2020, but saw a significant increase from June 2020 to August 2021, reaching a peak of over 11,000 cases per million people. Subsequently, there was a gradual decline in cases, with occasional spikes, and by the end of 2023, the number of cases had returned to very low levels.
The chart shows the percentage of people vaccinated against COVID-19 in France from December 2020 to July 2023. The data indicates a steady increase in vaccination rates, with the percentage reaching 80.63% by July 2023. The initial vaccination rate was 0.0% in December 2020, and it gradually increased over time, reflecting the progress of the vaccination campaign in the country.
The life expectancy at birth in Moldova has shown a generally increasing trend over the years, with a slight decrease in 2021. In 1950, the life expectancy was 56.14 years, and it has steadily risen to 70.49 years in 2018 before dropping to 70.17 years in 2020 and further to 68.85 years in 2021.
The chart illustrates the daily new COVID-19 tests per 1,000 people in Panama, presented as a 7-day rolling average, from March 16, 2020, to June 22, 2022. The number of tests started at 0.029 per 1,000 people and gradually increased, reaching a peak of 6.468 tests per 1,000 people in January 2022, before declining to 2.052 tests per 1,000 people by the end of the period.
The chart depicts the 7-day rolling average of daily new confirmed COVID-19 cases per million people in Finland from February 2020 to December 2023. The number of cases started to rise significantly in March 2020, reaching a peak in December 2021, and then gradually declining. The data shows a fluctuating trend with periodic spikes and declines, reflecting the impact of the pandemic on the country over the period.
The chart shows the 7-day rolling average of daily new confirmed COVID-19 cases per million people in Oman from February 2020 to December 2023. The number of cases remained at 0.0 per million people from February 2020 to March 2020, after which it started to increase steadily, reaching a peak of 2273.327 cases per million people in March 2022. Subsequently, the number of cases gradually decreased, reaching 0.0 again in March 2023 and remaining at that level until the end of the data period in December 2023.
Life expectancy at birth in North Korea has shown a significant increase over the years, starting at 13.82 years in 1950 and reaching 73.28 years in 2021. The data also shows a dip in life expectancy during the 1990s, with a low of 60.76 years in 2000, before steadily rising again in the following years.
The effective reproduction rate (R) of COVID-19 in Uganda fluctuated over time, starting at 0.89 in May 2020, peaking at 2.25 in December 2021, and then gradually decreasing to 0.04 in January 2023. The reproduction rate represents the average number of new infections caused by a single infected individual.
The 7-day rolling average of the positive rate of COVID-19 tests in Iran, expressed as a percentage, from April 12, 2020, to June 1, 2022, shows fluctuations ranging from 0.0077 to 0.3174, with an overall increasing trend in the positive rate over the time period.
The 7-day rolling average of the positive rate of COVID-19 tests in Curacao has fluctuated over the past few months, starting at 0.8901% on October 23, 2021, and reaching a peak of 1.0% on December 8, 2021. Subsequently, the positive rate decreased significantly, dropping to 0.0414% on April 15, 2022, before gradually increasing again to 0.2193% on May 20, 2022.
The chart shows the 7-day rolling average of the positive rate of COVID-19 tests in Gambia from May 12, 2021, to March 24, 2022. The positive rate is calculated as the number of confirmed cases divided by the number of tests, expressed as a percentage. The data indicates fluctuations in the positive rate over time, with some periods showing higher percentages of positive cases compared to others.
The chart shows the percentage of people vaccinated against COVID-19 in Kiribati, indicating the share of the population that received a first vaccine dose. The data, spanning from June 2021 to February 2023, demonstrates a gradual increase in vaccination rates, with the percentage rising from 0.0% in June 2021 to 76.88% in February 2023.
The chart shows the 7-day rolling average of the positive rate of COVID-19 tests in Belgium from March 7, 2020, to June 19, 2022. The positive rate is calculated as the number of confirmed cases divided by the number of tests, expressed as a percentage. The data indicates fluctuations in the positive rate over time, with a peak around the end of 2021 and early 2022, followed by a gradual decrease in the positive rate.
This chart shows the daily new confirmed COVID-19 cases per million people in the Faeroe Islands, presented as a 7-day rolling average, from February 2020 to December 2023. The number of cases remained at 0.0 from February to March 2020, then increased significantly, peaking at 6777.491 in December 2021. Subsequently, the number of cases gradually decreased, reaching 0.0 again in April 2023.
The chart shows the 7-day rolling average of daily new confirmed COVID-19 cases per million people in Cyprus from February 2020 to December 2023. The number of cases remained at 0.0 in the initial months but started to increase significantly from March 2020, peaking at 15123.766 in January 2022. Subsequently, there was a gradual decline in the number of cases, reaching 0.0 again in July 2023 before a slight increase towards the end of the year.
Life expectancy at birth in the Philippines from 1950 to 2021. The data shows a steady increase in life expectancy over the years, with a slight decrease in 2021. The life expectancy has risen from 53.36 years in 1950 to 72.12 years in 2020, with a slight drop to 69.27 years in 2021. The average number of years a newborn could expect to live has shown an overall positive trend, reflecting improvements in healthcare and living conditions.
This chart shows the daily new COVID-19 tests per 1,000 people in Cape Verde, presented as a 7-day rolling average from June 5, 2020, to December 10, 2020. The number of tests per 1,000 people fluctuated over time, with a peak around July 16, 2020, and a gradual decrease towards the end of the year.
This chart shows the 7-day rolling average of daily new confirmed COVID-19 cases per million people in Guinea from February 2020 to December 2023. The number of cases remained at 0.0 from February to March 2020, but then steadily increased, reaching a peak of 56.269 in April 2021. Subsequently, the number of cases gradually decreased, with occasional fluctuations, and by the end of the data period in December 2023, it had dropped to 0.0 again.
The chart shows the percentage of people vaccinated against COVID-19 in Madagascar from May 2021 to July 2023. The data indicates a gradual increase in vaccination rates, with the percentage of the population receiving a first COVID-19 vaccine dose rising from 0.0% in May 2021 to 9.15% in July 2023. The vaccination rate experienced steady growth, reaching 4.36% by June 2022 and surpassing 8% by March 2023. The data reflects the ongoing efforts to vaccinate the population against COVID-19 in Madagascar.
This chart shows the 7-day rolling average of daily new confirmed COVID-19 cases per million people in Austria from February 2020 to December 2023. The number of cases started at 0 in February 2020, increased steadily, peaked at over 16,000 in February 2022, and then gradually declined to 0 again by the end of 2023.
The chart shows the daily new COVID-19 tests per 1,000 people in South Sudan, presented as a 7-day rolling average, from September 2020 to June 2022. The number of tests per 1,000 people fluctuated over time, with a peak around December 2020 and a subsequent decrease before gradually increasing again in 2021. From mid-2021 to mid-2022, the number of tests remained relatively stable at 0.057 tests per 1,000 people.
The chart shows the 7-day rolling average of the positive rate of COVID-19 tests in Kosovo from June 2, 2021, to June 21, 2022. The positive rate is calculated as the number of confirmed cases divided by the number of tests, expressed as a percentage. The data indicates fluctuations in the positive rate over time, with a peak in mid-2022 followed by a gradual decrease towards the end of the time period.
The chart illustrates the percentage of the population in Peru that has received the first dose of the COVID-19 vaccine from February 9, 2021, to December 8, 2023. The data shows a steady increase in vaccination rates, reaching 89.76% by the end of the period.
The chart shows the daily new COVID-19 tests per 1,000 people in Barbados, presented as a 7-day rolling average. The number of tests started at 3.378 in early March, gradually increased to a peak of 5.455 in mid-May, and then steadily declined to 1.803 by mid-June.
The 7-day rolling average of the positive rate of COVID-19 tests in Haiti has fluctuated over time, with a peak of 0.3877% on February 22, 2022, and a low of 0.0033% on April 16, 2022. The positive rate has shown some variability but has generally remained relatively low since mid-April, with the latest data point on June 17, 2022, showing a positive rate of 0.0363%.
The chart shows the 7-day rolling average of the positive rate of COVID-19 tests in Uruguay from March 29, 2020, to April 17, 2022. The positive rate is calculated as the number of confirmed cases divided by the number of tests, expressed as a percentage. The data indicates fluctuations in the positive rate over time, with a peak of 0.398 in January 2022 and a low of 0.0006 in June 2020.
This chart shows the 7-day rolling average of daily new confirmed COVID-19 cases per million people in Isle of Man from February 2020 to December 2023. The number of cases remained at 0.0 from February to July 2020, but then saw a significant increase, peaking at 8260.413 in August 2021. Subsequently, the number of cases gradually decreased, reaching 0.0 again in October 2022, and remained at 0.0 until the end of the data period in December 2023.
This chart shows the daily new COVID-19 tests per 1,000 people in Congo, presented as a 7-day rolling average. The number of tests has remained constant at 0.109 tests per 1,000 people from April 27, 2022, to May 1, 2022.
The chart illustrates the daily new COVID-19 tests per 1,000 people in Peru, presented as a 7-day rolling average, from April 15, 2020, to April 5, 2022. The number of tests per 1,000 people fluctuated over time, reaching a peak of 4.504 tests on January 29, 2022, before gradually decreasing to 1.458 tests on April 5, 2022.
The chart shows the percentage of the Syrian population that has received a first dose of the COVID-19 vaccine from March 2021 to April 2023. The data indicates a gradual increase in vaccination rates, with the percentage rising from 0.0% in March 2021 to 14.9% in April 2023. The vaccination rate experienced a significant surge in the latter half of 2022, reaching 13.79% by October 2022 and continuing to rise steadily thereafter. Overall, the data reflects the progress of the COVID-19 vaccination campaign in Syria over the specified time period.
The chart shows the percentage of the population in North Macedonia that has received a first dose of the COVID-19 vaccine. The data, collected from February 16, 2021, to May 7, 2023, indicates a gradual increase in the vaccination rate, reaching 40.82% by the end of the period.
The chart illustrates the daily new COVID-19 tests per 1,000 people in Uganda, presented as a 7-day rolling average, from April 8, 2020, to June 21, 2022. The number of tests per 1,000 people fluctuated over time, with a peak around mid-2021, followed by a gradual decrease in testing rates.
The chart depicts the 7-day rolling average of daily new confirmed COVID-19 cases per million people in Malaysia from February 2020 to December 2023. The number of cases started at a low level in early 2020, gradually increased, peaked in early 2022, and then steadily declined. The data shows fluctuations in the number of cases over time, with a significant surge in mid-2021 and a subsequent decline in late 2021 and early 2022. From mid-2022 onwards, the number of cases remained relatively stable at a lower level.
