The iQOO 12 Pro, also known as the vivo iQOO 12 Pro, is a high-end smartphone with impressive features. It boasts a large 6.78-inch AMOLED display with a resolution of 1440 x 3200 pixels and a 144Hz refresh rate. Powered by the Qualcomm SM8650-AB Snapdragon 8 Gen 3 chipset and equipped with 16GB of RAM, this phone offers smooth and efficient performance. The device comes with a triple main camera setup, including a 50MP wide, 64MP periscope telephoto, and 50MP ultrawide lens, capable of recording videos up to 8K resolution. It also features a 16MP selfie camera. The iQOO 12 Pro is packed with a 5100mAh non-removable battery and supports fast charging up to 120W wired, 50W wireless, and 10W reverse wireless. Additionally, it offers IP68 dust/water resistance and comes in black, red, and white colors. With its premium design and top-notch specifications, the iQOO 12 Pro is a compelling option for smartphone enthusiasts.
The Emporia Elegance is a compact and lightweight mobile phone with a classic design. It features a 1.8-inch TFT display with a resolution of 128 x 160 pixels, a 2MB RAM, and a 1100mAh Li-Ion battery. The phone supports GSM technology and has a Mini-SIM slot. It also comes with a built-in flashlight, FM radio, and basic messaging capabilities. The phone has a simple and straightforward design, making it easy to use for calls and texts. With its small form factor and long standby time, the Emporia Elegance is a practical and reliable option for those looking for a no-frills mobile phone.
The XOLO Era is a discontinued smartphone that was announced in July 2015. It features a 5.0-inch IPS LCD display with a resolution of 480 x 854 pixels and is powered by a Quad-core 1.2 GHz Spreadtrum 7731 chipset. The phone comes with 1GB of RAM and 8GB of internal storage, which can be expanded via a microSDHC card slot. The main camera is 8MP with features like LED flash, panorama, and HDR, while the selfie camera is 2MP. The phone runs on Android 4.4.2 (KitKat) and is equipped with a 2100mAh removable Li-Ion battery. Other features include dual SIM support, Wi-Fi, Bluetooth 2.1, GPS, FM radio, and microUSB 2.0. The XOLO Era is available in black and was priced at around 60 EUR.
