The Vivo iQOO 12 Pro is a high-end smartphone that was released in November 2023. It features a sleek design with a 6.78-inch AMOLED display with a 144Hz refresh rate and HDR10+ support. The device is powered by the Qualcomm Snapdragon 8 Gen 3 chipset and has 16GB of RAM. It also has a triple-camera setup on the back, with a 50MP main camera, a 64MP periscope telephoto lens, and a 50MP ultrawide lens. On the front, there is a 16MP selfie camera. The device is also equipped with a 5100mAh battery that supports 120W wired and 50W wireless charging. It runs on Android 14 and has a price of around 650 EUR.
Emporia Elegance is a smartphone that was announced in 2012 and discontinued in 2013. It has a 1.8-inch TFT display with a resolution of 128x160 pixels and is powered by the Infineon PMB7880 chipset. The device has 2MB of RAM and 0.3MB of internal storage, and it supports GSM networks. It has a mini-SIM card slot, 100 entry phonebook, call records, and a 3.5mm jack for audio output. The Elegance also has a flashlight and a 1100mAh Li-Ion battery that can last up to 300 hours in standby mode and 4 hours in talk time. The device is available in black, white, and brown.
The XOLO Era is a smartphone that was released in 2015. It has a 5-inch IPS LCD display with a resolution of 480x854 pixels and a 196 PPI density. The device is powered by a quad-core 1.2 GHz processor and has 8GB of internal storage and 1GB of RAM. It has an 8MP rear camera and a 2MP front camera. The XOLO Era also has Wi-Fi, Bluetooth, GPS, NFC, and FM radio. The device is available in black and has a price of around 60 EUR.
