In a match from the Liiga 23/24 season, Tappara Tampere faced off against Oulun K채rp채t. The game took place on November 29, 2023, at 17:30. Tappara Tampere emerged victorious with a final score of 4-1. The home team scored 2 goals in the first period and added 2 more in the third period, while the away team managed to score only 1 goal in the first period. This win marked an important moment for Tappara Tampere in the ongoing season.
In the VHL 23/24 season, Zvezda Moscow faced off against Omskie Kryliya. The game took place on November 29, 2023, at 14:00. Zvezda Moscow dominated the game, securing a 4-0 victory over Omskie Kryliya. The home team scored 1 goal in the first period, 1 goal in the second period, and 2 goals in the third period, while the away team failed to score throughout the game. This decisive win earned Zvezda Moscow a well-deserved victory in front of their home crowd.
In the Liiga 23/24 season, TPS Turku faced off against HPK H채meenlinna. The game took place on November 28, 2023, at 17:30. HPK H채meenlinna emerged victorious with a final score of 4-1, with a strong performance in both the first and second periods, securing their win in normal time. TPS Turku, on the other hand, struggled to keep up, managing to score only in the third period. Overall, it was a well-contested game between the two Finnish teams.
