On November 29th, 2023, Tappara Tampere hosted Oulun Kärpät in a Liiga 23/24 game. The game was played at the Tampere Ice Hall and ended with a final score of 4-1 in favor of Tappara. The game was played in three periods, with the first period ending 2-1 in favor of Tappara, the second period ending 0-0, and the third period ending 2-0 in favor of Tappara. The game was played in normal time, with no overtime or shootout periods.
On November 29th, 2023, the Zvezda Moscow team hosted the Omskie Kryliya team in a VHL 23/24 season game. The game ended with a final score of 4-0 in favor of Zvezda. The game was played in four periods, with each period lasting 15 minutes. The first two periods ended in a 1-1 tie, while the third period saw Zvezda score two goals to take a 3-1 lead. The fourth period saw Zvezda score another goal to win the game 4-0. The game was played in Russia and was recorded with an ID of 11482983 and a start timestamp of 1701262800.
On November 28th, 2023, TPS Turku hosted HPK Hämeenlinna in a Liiga 23/24 game. The game was played in normal time, with TPS winning 1-0 and HPK winning 4-2. The game was played in three periods, with TPS scoring in the third period and HPK scoring in the first and second periods. The game was played in Finland and was recorded with an ID of 11354137 and a start timestamp of 1701189000.
